Archive member included to satisfy reference by file (symbol)

c:/cseapp/codelite/tools/gcc-arm/bin/../lib/gcc/arm-none-eabi/9.2.1/../../../../arm-none-eabi/lib/thumb/v7e-m+fp/hard\libc_nano.a(lib_a-atoi.o)
                              ./Debug/application.c.o (atoi)
c:/cseapp/codelite/tools/gcc-arm/bin/../lib/gcc/arm-none-eabi/9.2.1/../../../../arm-none-eabi/lib/thumb/v7e-m+fp/hard\libc_nano.a(lib_a-snprintf.o)
                              ./Debug/application.c.o (snprintf)
c:/cseapp/codelite/tools/gcc-arm/bin/../lib/gcc/arm-none-eabi/9.2.1/../../../../arm-none-eabi/lib/thumb/v7e-m+fp/hard\libc_nano.a(lib_a-strtol.o)
                              c:/cseapp/codelite/tools/gcc-arm/bin/../lib/gcc/arm-none-eabi/9.2.1/../../../../arm-none-eabi/lib/thumb/v7e-m+fp/hard\libc_nano.a(lib_a-atoi.o) (_strtol_r)
c:/cseapp/codelite/tools/gcc-arm/bin/../lib/gcc/arm-none-eabi/9.2.1/../../../../arm-none-eabi/lib/thumb/v7e-m+fp/hard\libc_nano.a(lib_a-ctype_.o)
                              c:/cseapp/codelite/tools/gcc-arm/bin/../lib/gcc/arm-none-eabi/9.2.1/../../../../arm-none-eabi/lib/thumb/v7e-m+fp/hard\libc_nano.a(lib_a-strtol.o) (_ctype_)
c:/cseapp/codelite/tools/gcc-arm/bin/../lib/gcc/arm-none-eabi/9.2.1/../../../../arm-none-eabi/lib/thumb/v7e-m+fp/hard\libc_nano.a(lib_a-impure.o)
                              c:/cseapp/codelite/tools/gcc-arm/bin/../lib/gcc/arm-none-eabi/9.2.1/../../../../arm-none-eabi/lib/thumb/v7e-m+fp/hard\libc_nano.a(lib_a-snprintf.o) (_impure_ptr)
c:/cseapp/codelite/tools/gcc-arm/bin/../lib/gcc/arm-none-eabi/9.2.1/../../../../arm-none-eabi/lib/thumb/v7e-m+fp/hard\libc_nano.a(lib_a-nano-svfprintf.o)
                              c:/cseapp/codelite/tools/gcc-arm/bin/../lib/gcc/arm-none-eabi/9.2.1/../../../../arm-none-eabi/lib/thumb/v7e-m+fp/hard\libc_nano.a(lib_a-snprintf.o) (_svfprintf_r)
c:/cseapp/codelite/tools/gcc-arm/bin/../lib/gcc/arm-none-eabi/9.2.1/../../../../arm-none-eabi/lib/thumb/v7e-m+fp/hard\libc_nano.a(lib_a-nano-vfprintf_i.o)
                              c:/cseapp/codelite/tools/gcc-arm/bin/../lib/gcc/arm-none-eabi/9.2.1/../../../../arm-none-eabi/lib/thumb/v7e-m+fp/hard\libc_nano.a(lib_a-nano-svfprintf.o) (_printf_i)
c:/cseapp/codelite/tools/gcc-arm/bin/../lib/gcc/arm-none-eabi/9.2.1/../../../../arm-none-eabi/lib/thumb/v7e-m+fp/hard\libc_nano.a(lib_a-memchr.o)
                              c:/cseapp/codelite/tools/gcc-arm/bin/../lib/gcc/arm-none-eabi/9.2.1/../../../../arm-none-eabi/lib/thumb/v7e-m+fp/hard\libc_nano.a(lib_a-nano-svfprintf.o) (memchr)
c:/cseapp/codelite/tools/gcc-arm/bin/../lib/gcc/arm-none-eabi/9.2.1/../../../../arm-none-eabi/lib/thumb/v7e-m+fp/hard\libc_nano.a(lib_a-memcpy-stub.o)
                              c:/cseapp/codelite/tools/gcc-arm/bin/../lib/gcc/arm-none-eabi/9.2.1/../../../../arm-none-eabi/lib/thumb/v7e-m+fp/hard\libc_nano.a(lib_a-nano-svfprintf.o) (memcpy)
c:/cseapp/codelite/tools/gcc-arm/bin/../lib/gcc/arm-none-eabi/9.2.1/../../../../arm-none-eabi/lib/thumb/v7e-m+fp/hard\libc_nano.a(lib_a-memmove.o)
                              c:/cseapp/codelite/tools/gcc-arm/bin/../lib/gcc/arm-none-eabi/9.2.1/../../../../arm-none-eabi/lib/thumb/v7e-m+fp/hard\libc_nano.a(lib_a-nano-svfprintf.o) (memmove)
c:/cseapp/codelite/tools/gcc-arm/bin/../lib/gcc/arm-none-eabi/9.2.1/../../../../arm-none-eabi/lib/thumb/v7e-m+fp/hard\libc_nano.a(lib_a-nano-freer.o)
                              c:/cseapp/codelite/tools/gcc-arm/bin/../lib/gcc/arm-none-eabi/9.2.1/../../../../arm-none-eabi/lib/thumb/v7e-m+fp/hard\libc_nano.a(lib_a-nano-svfprintf.o) (_free_r)
c:/cseapp/codelite/tools/gcc-arm/bin/../lib/gcc/arm-none-eabi/9.2.1/../../../../arm-none-eabi/lib/thumb/v7e-m+fp/hard\libc_nano.a(lib_a-nano-mallocr.o)
                              c:/cseapp/codelite/tools/gcc-arm/bin/../lib/gcc/arm-none-eabi/9.2.1/../../../../arm-none-eabi/lib/thumb/v7e-m+fp/hard\libc_nano.a(lib_a-nano-svfprintf.o) (_malloc_r)
c:/cseapp/codelite/tools/gcc-arm/bin/../lib/gcc/arm-none-eabi/9.2.1/../../../../arm-none-eabi/lib/thumb/v7e-m+fp/hard\libc_nano.a(lib_a-nano-reallocr.o)
                              c:/cseapp/codelite/tools/gcc-arm/bin/../lib/gcc/arm-none-eabi/9.2.1/../../../../arm-none-eabi/lib/thumb/v7e-m+fp/hard\libc_nano.a(lib_a-nano-svfprintf.o) (_realloc_r)
c:/cseapp/codelite/tools/gcc-arm/bin/../lib/gcc/arm-none-eabi/9.2.1/../../../../arm-none-eabi/lib/thumb/v7e-m+fp/hard\libc_nano.a(lib_a-sbrkr.o)
                              c:/cseapp/codelite/tools/gcc-arm/bin/../lib/gcc/arm-none-eabi/9.2.1/../../../../arm-none-eabi/lib/thumb/v7e-m+fp/hard\libc_nano.a(lib_a-nano-mallocr.o) (_sbrk_r)
c:/cseapp/codelite/tools/gcc-arm/bin/../lib/gcc/arm-none-eabi/9.2.1/../../../../arm-none-eabi/lib/thumb/v7e-m+fp/hard\libc_nano.a(lib_a-mlock.o)
                              c:/cseapp/codelite/tools/gcc-arm/bin/../lib/gcc/arm-none-eabi/9.2.1/../../../../arm-none-eabi/lib/thumb/v7e-m+fp/hard\libc_nano.a(lib_a-nano-freer.o) (__malloc_lock)
[...]
Memory Configuration

Name             Origin             Length             Attributes
RAM              0x20000000         0x0001c000         xrw
*default*        0x00000000         0xffffffff

Linker script and memory map

LOAD ./Debug/driver_src_stm32f4xx_syscfg.c.o
LOAD ./Debug/driver_src_stm32f4xx_usart.c.o
LOAD ./Debug/driver_src_stm32f4xx_tim.c.o
LOAD ./Debug/driver_src_stm32f4xx_dac.c.o
LOAD ./Debug/driver_src_stm32f4xx_gpio.c.o
LOAD ./Debug/startup.c.o
LOAD ./Debug/TinyTimber.c.o
LOAD ./Debug/application.c.o
LOAD ./Debug/driver_src_stm32f4xx_can.c.o
LOAD ./Debug/sciTinyTimber.c.o
LOAD ./Debug/dispatch.s.o
LOAD ./Debug/canTinyTimber.c.o
LOAD ./Debug/driver_src_stm32f4xx_exti.c.o
LOAD ./Debug/driver_src_stm32f4xx_rcc.c.o
LOAD c:/cseapp/codelite/tools/gcc-arm/bin/../lib/gcc/arm-none-eabi/9.2.1/../../../../arm-none-eabi/lib/thumb/v7e-m+fp/hard\libstdc++_nano.a
LOAD c:/cseapp/codelite/tools/gcc-arm/bin/../lib/gcc/arm-none-eabi/9.2.1/../../../../arm-none-eabi/lib/thumb/v7e-m+fp/hard\libm.a
START GROUP
LOAD c:/cseapp/codelite/tools/gcc-arm/bin/../lib/gcc/arm-none-eabi/9.2.1/thumb/v7e-m+fp/hard\libgcc.a
LOAD c:/cseapp/codelite/tools/gcc-arm/bin/../lib/gcc/arm-none-eabi/9.2.1/../../../../arm-none-eabi/lib/thumb/v7e-m+fp/hard\libc_nano.a
END GROUP
START GROUP
LOAD c:/cseapp/codelite/tools/gcc-arm/bin/../lib/gcc/arm-none-eabi/9.2.1/thumb/v7e-m+fp/hard\libgcc.a
LOAD c:/cseapp/codelite/tools/gcc-arm/bin/../lib/gcc/arm-none-eabi/9.2.1/../../../../arm-none-eabi/lib/thumb/v7e-m+fp/hard\libc_nano.a
END GROUP

.text           0x20000000     0x8064
                0x20000000                . = ALIGN (0x4)
 *(.start_section)
 .start_section
                0x20000000       0x1c ./Debug/startup.c.o
                0x20000000                startup
 *(.text)
 .text          0x2000001c      0x154 ./Debug/driver_src_stm32f4xx_syscfg.c.o
                0x2000001c                SYSCFG_DeInit
                0x20000038                SYSCFG_MemoryRemapConfig
                0x20000058                SYSCFG_MemorySwappingBank
                0x20000078                SYSCFG_EXTILineConfig
                0x200000fc                SYSCFG_ETH_MediaInterfaceConfig
                0x2000011c                SYSCFG_CompensationCellCmd
                0x2000013c                SYSCFG_GetCompensationCellStatus
 .text          0x20000170      0x970 ./Debug/driver_src_stm32f4xx_usart.c.o
                0x20000170                USART_DeInit
                0x20000288                USART_Init
                0x200003fc                USART_StructInit
                0x20000436                USART_ClockInit
                0x2000048c                USART_ClockStructInit
                0x200004b8                USART_Cmd
                0x200004f8                USART_SetPrescaler
                0x20000532                USART_OverSampling8Cmd
                0x20000576                USART_OneBitMethodCmd
                0x200005b6                USART_SendData
                0x200005da                USART_ReceiveData
                0x200005fa                USART_SetAddress
                0x20000634                USART_ReceiverWakeUpCmd
                0x20000674                USART_WakeUpConfig
                0x200006ac                USART_LINBreakDetectLengthConfig
                0x200006e4                USART_LINCmd
                0x20000724                USART_SendBreak
                0x20000748                USART_HalfDuplexCmd
                0x20000788                USART_SetGuardTime
                0x200007c4                USART_SmartCardCmd
                0x20000804                USART_SmartCardNACKCmd
                0x20000844                USART_IrDAConfig
                0x2000087c                USART_IrDACmd
                0x200008bc                USART_DMACmd
                0x20000904                USART_ITConfig
                0x20000994                USART_GetFlagStatus
                0x200009cc                USART_ClearFlag
                0x200009ee                USART_GetITStatus
                0x20000aa4                USART_ClearITPendingBit
 .text          0x20000ae0     0x1c1c ./Debug/driver_src_stm32f4xx_tim.c.o
                0x20000ae0                TIM_DeInit
                0x20000ca0                TIM_TimeBaseInit
                0x20000d78                TIM_TimeBaseStructInit
                0x20000dac                TIM_PrescalerConfig
                0x20000dd4                TIM_CounterModeConfig
                0x20000e0c                TIM_SetCounter
                0x20000e28                TIM_SetAutoreload
                0x20000e44                TIM_GetCounter
                0x20000e5c                TIM_GetPrescaler
                0x20000e76                TIM_UpdateDisableConfig
                0x20000eb6                TIM_UpdateRequestConfig
                0x20000ef6                TIM_ARRPreloadConfig
                0x20000f36                TIM_SelectOnePulseMode
                0x20000f6e                TIM_SetClockDivision
                0x20000fa6                TIM_Cmd
                0x20000fe6                TIM_OC1Init
                0x200010dc                TIM_OC2Init
                0x200011ec                TIM_OC3Init
                0x200012f8                TIM_OC4Init
                0x200013c8                TIM_OCStructInit
                0x2000140c                TIM_SelectOCxM
                0x200014c2                TIM_SetCompare1
                0x200014de                TIM_SetCompare2
                0x200014fa                TIM_SetCompare3
                0x20001516                TIM_SetCompare4
                0x20001532                TIM_ForcedOC1Config
                0x2000156a                TIM_ForcedOC2Config
                0x200015a6                TIM_ForcedOC3Config
                0x200015de                TIM_ForcedOC4Config
                0x2000161a                TIM_OC1PreloadConfig
                0x20001652                TIM_OC2PreloadConfig
                0x2000168e                TIM_OC3PreloadConfig
                0x200016c6                TIM_OC4PreloadConfig
                0x20001702                TIM_OC1FastConfig
                0x2000173a                TIM_OC2FastConfig
                0x20001776                TIM_OC3FastConfig
                0x200017ae                TIM_OC4FastConfig
                0x200017ea                TIM_ClearOC1Ref
                0x20001822                TIM_ClearOC2Ref
                0x2000185e                TIM_ClearOC3Ref
                0x20001896                TIM_ClearOC4Ref
                0x200018d2                TIM_OC1PolarityConfig
                0x2000190a                TIM_OC1NPolarityConfig
                0x20001942                TIM_OC2PolarityConfig
                0x2000197e                TIM_OC2NPolarityConfig
                0x200019ba                TIM_OC3PolarityConfig
                0x200019f6                TIM_OC3NPolarityConfig
                0x20001a32                TIM_OC4PolarityConfig
                0x20001a6e                TIM_CCxCmd
                0x20001ac4                TIM_CCxNCmd
                0x20001b1a                TIM_ICInit
                0x20001bc2                TIM_ICStructInit
                0x20001bf4                TIM_PWMIConfig
                0x20001cac                TIM_GetCapture1
                0x20001cc4                TIM_GetCapture2
                0x20001cdc                TIM_GetCapture3
                0x20001cf4                TIM_GetCapture4
                0x20001d0c                TIM_SetIC1Prescaler
                0x20001d44                TIM_SetIC2Prescaler
                0x20001d80                TIM_SetIC3Prescaler
                0x20001db8                TIM_SetIC4Prescaler
                0x20001df4                TIM_BDTRConfig
                0x20001e44                TIM_BDTRStructInit
                0x20001e82                TIM_CtrlPWMOutputs
                0x20001ece                TIM_SelectCOM
                0x20001f0e                TIM_CCPreloadControl
                0x20001f4e                TIM_ITConfig
                0x20001f96                TIM_GenerateEvent
                0x20001fb4                TIM_GetFlagStatus
                0x20001fec                TIM_ClearFlag
                0x2000200e                TIM_GetITStatus
                0x20002062                TIM_ClearITPendingBit
                0x20002084                TIM_DMAConfig
                0x200020ae                TIM_DMACmd
                0x200020f6                TIM_SelectCCDMA
                0x20002136                TIM_InternalClockConfig
                0x2000215a                TIM_ITRxExternalClockConfig
                0x20002188                TIM_TIxExternalClockConfig
                0x200021e4                TIM_ETRClockMode1Config
                0x20002242                TIM_ETRClockMode2Config
                0x20002280                TIM_SelectInputTrigger
                0x200022b8                TIM_SelectOutputTrigger
                0x200022f0                TIM_SelectSlaveMode
                0x20002328                TIM_SelectMasterSlaveMode
                0x20002360                TIM_ETRConfig
                0x200023b4                TIM_EncoderInterfaceConfig
                0x2000244c                TIM_SelectHallSensor
                0x2000248c                TIM_RemapConfig
 .text          0x200026fc      0x450 ./Debug/driver_src_stm32f4xx_dac.c.o
                0x200026fc                DAC_DeInit
                0x20002718                DAC_Init
                0x20002780                DAC_StructInit
                0x200027ac                DAC_Cmd
                0x200027f8                DAC_SoftwareTriggerCmd
                0x20002848                DAC_DualSoftwareTriggerCmd
                0x20002884                DAC_WaveGenerationCmd
                0x200028d0                DAC_SetChannel1Data
                0x20002908                DAC_SetChannel2Data
                0x20002940                DAC_SetDualChannelData
                0x20002998                DAC_GetDataOutputValue
                0x200029cc                DAC_DMACmd
                0x20002a1c                DAC_ITConfig
                0x20002a68                DAC_GetFlagStatus
                0x20002aa4                DAC_ClearFlag
                0x20002acc                DAC_GetITStatus
                0x20002b24                DAC_ClearITPendingBit
 .text          0x20002b4c      0x4d8 ./Debug/driver_src_stm32f4xx_gpio.c.o
                0x20002b4c                GPIO_DeInit
                0x20002cb0                GPIO_Init
                0x20002dce                GPIO_StructInit
                0x20002e02                GPIO_PinLockConfig
                0x20002e46                GPIO_ReadInputDataBit
                0x20002e7a                GPIO_ReadInputData
                0x20002e94                GPIO_ReadOutputDataBit
                0x20002ec8                GPIO_ReadOutputData
                0x20002ee2                GPIO_SetBits
                0x20002f00                GPIO_ResetBits
                0x20002f1e                GPIO_WriteBit
                0x20002f4e                GPIO_Write
                0x20002f6c                GPIO_ToggleBits
                0x20002f90                GPIO_PinAFConfig
 .text          0x20003024      0x32c ./Debug/startup.c.o
 .text          0x20003350      0xf54 ./Debug/TinyTimber.c.o
                0x200033d8                DUMP
                0x20003412                DUMPH
                0x20003470                DUMPD
                0x20003514                sei
                0x20003532                cli
                0x20003550                _sbrk
                0x20003594                SETSTACK
                0x200035fc                SETPC
                0x20003620                TIMER_INIT
                0x200036b8                DUMPC
                0x200036ec                vect_USART1
                0x20003754                vect_CAN1
                0x200037bc                vect_EXTI9_5
                0x20003824                enqueueByDeadline
                0x2000387c                enqueueByBaseline
                0x200038d4                dequeue
                0x20003924                dequeue_pool
                0x20003974                insert
                0x20003998                push
                0x200039bc                pop
                0x20003a3e                vect_TIM5
                0x20003ad0                __svc_dispatch
                0x20003ae0                __pendSV_dispatch
                0x20003c50                async
                0x20003d8c                sync
                0x20003e98                ABORT
                0x20003f4c                T_RESET
                0x20003f88                T_SAMPLE
                0x20003fc8                CURRENT_OFFSET
                0x20004174                install
                0x20004240                tinytimber
 .text          0x200042a4      0x574 ./Debug/application.c.o
                0x200042a4                receiver
                0x200042f4                reader
                0x20004350                startApp
                0x200043d0                main
                0x20004410                handleInput
                0x20004754                startStopPlayer
                0x20004780                setDelay
                0x2000479c                setBeatLength
                0x200047b8                setKey
                0x200047d4                setPeriod
                0x200047f0                changeVolume
 .text          0x20004818     0x11b4 ./Debug/driver_src_stm32f4xx_can.c.o
                0x20004818                CAN_DeInit
                0x20004860                CAN_Init
                0x20004a02                CAN_FilterInit
                0x20004b88                CAN_StructInit
                0x20004bde                CAN_SlaveStartBank
                0x20004c40                CAN_DBGFreeze
                0x20004c78                CAN_TTComModeCmd
                0x20004d10                CAN_Transmit
                0x20004eb2                CAN_TransmitStatus
                0x20004fb8                CAN_CancelTransmit
                0x20005010                CAN_Receive
                0x2000518c                CAN_FIFORelease
                0x200051c4                CAN_MessagePending
                0x2000520e                CAN_OperatingModeRequest
                0x2000530a                CAN_Sleep
                0x20005344                CAN_WakeUp
                0x2000539a                CAN_GetLastErrorCode
                0x200053c0                CAN_GetReceiveErrorCounter
                0x200053e2                CAN_GetLSBTransmitErrorCounter
                0x20005404                CAN_ITConfig
                0x20005440                CAN_GetFlagStatus
                0x2000550e                CAN_ClearFlag
                0x20005580                CAN_GetITStatus
                0x200057e4                CAN_ClearITPendingBit
 .text          0x200059cc      0x294 ./Debug/sciTinyTimber.c.o
                0x20005a54                sci_init
                0x20005afa                sci_write
                0x20005b50                sci_writechar
                0x20005b86                sci_interrupt
 .text          0x20005c60       0xf4 ./Debug/dispatch.s.o
                0x20005c60                vect_SVCall
                0x20005c64                vect_PendSV
 .text          0x20005d54      0x434 ./Debug/canTinyTimber.c.o
                0x20005ddc                can_init
                0x20005e94                can_interrupt
                0x2000601c                can_receive
                0x200060e6                can_send
 .text          0x20006188      0x210 ./Debug/driver_src_stm32f4xx_exti.c.o
                0x20006188                EXTI_DeInit
                0x200061bc                EXTI_Init
                0x200062a0                EXTI_StructInit
                0x200062cc                EXTI_GenerateSWInterrupt
                0x200062f0                EXTI_GetFlagStatus
                0x20006324                EXTI_ClearFlag
                0x20006344                EXTI_GetITStatus
                0x20006378                EXTI_ClearITPendingBit
 .text          0x20006398      0xcb0 ./Debug/driver_src_stm32f4xx_rcc.c.o
                0x20006398                RCC_DeInit
                0x20006408                RCC_HSEConfig
                0x20006430                RCC_WaitForHSEStartUp
                0x20006480                RCC_AdjustHSICalibrationValue
                0x200064bc                RCC_HSICmd
                0x200064dc                RCC_LSEConfig
                0x20006520                RCC_LSICmd
                0x20006540                RCC_PLLConfig
                0x20006580                RCC_PLLCmd
                0x200065a0                RCC_PLLI2SConfig
                0x200065cc                RCC_PLLI2SCmd
                0x200065ec                RCC_PLLSAIConfig
                0x20006620                RCC_PLLSAICmd
                0x20006640                RCC_ClockSecuritySystemCmd
                0x20006660                RCC_MCO1Config
                0x200066a0                RCC_MCO2Config
                0x200066e0                RCC_SYSCLKConfig
                0x20006718                RCC_GetSYSCLKSource
                0x20006738                RCC_HCLKConfig
                0x20006770                RCC_PCLK1Config
                0x200067a8                RCC_PCLK2Config
                0x200067e4                RCC_GetClocksFreq
                0x20006940                RCC_RTCCLKConfig
                0x2000699c                RCC_RTCCLKCmd
                0x200069bc                RCC_BackupResetCmd
                0x200069dc                RCC_I2SCLKConfig
                0x200069fc                RCC_SAIPLLI2SClkDivConfig
                0x20006a3c                RCC_SAIPLLSAIClkDivConfig
                0x20006a7c                RCC_SAIBlockACLKConfig
                0x20006ab8                RCC_SAIBlockBCLKConfig
                0x20006af4                RCC_LTDCCLKDivConfig
                0x20006b30                RCC_TIMCLKPresConfig
                0x20006b50                RCC_AHB1PeriphClockCmd
                0x20006b90                RCC_AHB2PeriphClockCmd
                0x20006bd0                RCC_AHB3PeriphClockCmd
                0x20006c10                RCC_APB1PeriphClockCmd
                0x20006c50                RCC_APB2PeriphClockCmd
                0x20006c90                RCC_AHB1PeriphResetCmd
                0x20006cd0                RCC_AHB2PeriphResetCmd
                0x20006d10                RCC_AHB3PeriphResetCmd
                0x20006d50                RCC_APB1PeriphResetCmd
                0x20006d90                RCC_APB2PeriphResetCmd
                0x20006dd0                RCC_AHB1PeriphClockLPModeCmd
                0x20006e10                RCC_AHB2PeriphClockLPModeCmd
                0x20006e50                RCC_AHB3PeriphClockLPModeCmd
                0x20006e90                RCC_APB1PeriphClockLPModeCmd
                0x20006ed0                RCC_APB2PeriphClockLPModeCmd
                0x20006f10                RCC_ITConfig
                0x20006f5c                RCC_GetFlagStatus
                0x20006fd0                RCC_ClearFlag
                0x20006ff0                RCC_GetITStatus
                0x20007028                RCC_ClearITPendingBit
 .text          0x20007048        0x0 c:/cseapp/codelite/tools/gcc-arm/bin/../lib/gcc/arm-none-eabi/9.2.1/../../../../arm-none-eabi/lib/thumb/v7e-m+fp/hard\libc_nano.a(lib_a-atoi.o)
 .text          0x20007048        0x0 c:/cseapp/codelite/tools/gcc-arm/bin/../lib/gcc/arm-none-eabi/9.2.1/../../../../arm-none-eabi/lib/thumb/v7e-m+fp/hard\libc_nano.a(lib_a-snprintf.o)
 .text          0x20007048        0x0 c:/cseapp/codelite/tools/gcc-arm/bin/../lib/gcc/arm-none-eabi/9.2.1/../../../../arm-none-eabi/lib/thumb/v7e-m+fp/hard\libc_nano.a(lib_a-strtol.o)
 .text          0x20007048        0x0 c:/cseapp/codelite/tools/gcc-arm/bin/../lib/gcc/arm-none-eabi/9.2.1/../../../../arm-none-eabi/lib/thumb/v7e-m+fp/hard\libc_nano.a(lib_a-ctype_.o)
 .text          0x20007048        0x0 c:/cseapp/codelite/tools/gcc-arm/bin/../lib/gcc/arm-none-eabi/9.2.1/../../../../arm-none-eabi/lib/thumb/v7e-m+fp/hard\libc_nano.a(lib_a-impure.o)
 .text          0x20007048        0x0 c:/cseapp/codelite/tools/gcc-arm/bin/../lib/gcc/arm-none-eabi/9.2.1/../../../../arm-none-eabi/lib/thumb/v7e-m+fp/hard\libc_nano.a(lib_a-nano-svfprintf.o)
 .text          0x20007048        0x0 c:/cseapp/codelite/tools/gcc-arm/bin/../lib/gcc/arm-none-eabi/9.2.1/../../../../arm-none-eabi/lib/thumb/v7e-m+fp/hard\libc_nano.a(lib_a-nano-vfprintf_i.o)
 *fill*         0x20007048        0x8 
 .text          0x20007050       0xa0 c:/cseapp/codelite/tools/gcc-arm/bin/../lib/gcc/arm-none-eabi/9.2.1/../../../../arm-none-eabi/lib/thumb/v7e-m+fp/hard\libc_nano.a(lib_a-memchr.o)
                0x20007050                memchr
 .text          0x200070f0        0x0 c:/cseapp/codelite/tools/gcc-arm/bin/../lib/gcc/arm-none-eabi/9.2.1/../../../../arm-none-eabi/lib/thumb/v7e-m+fp/hard\libc_nano.a(lib_a-memcpy-stub.o)
 .text          0x200070f0        0x0 c:/cseapp/codelite/tools/gcc-arm/bin/../lib/gcc/arm-none-eabi/9.2.1/../../../../arm-none-eabi/lib/thumb/v7e-m+fp/hard\libc_nano.a(lib_a-memmove.o)
 .text          0x200070f0        0x0 c:/cseapp/codelite/tools/gcc-arm/bin/../lib/gcc/arm-none-eabi/9.2.1/../../../../arm-none-eabi/lib/thumb/v7e-m+fp/hard\libc_nano.a(lib_a-nano-freer.o)
 .text          0x200070f0        0x0 c:/cseapp/codelite/tools/gcc-arm/bin/../lib/gcc/arm-none-eabi/9.2.1/../../../../arm-none-eabi/lib/thumb/v7e-m+fp/hard\libc_nano.a(lib_a-nano-mallocr.o)
 .text          0x200070f0        0x0 c:/cseapp/codelite/tools/gcc-arm/bin/../lib/gcc/arm-none-eabi/9.2.1/../../../../arm-none-eabi/lib/thumb/v7e-m+fp/hard\libc_nano.a(lib_a-nano-reallocr.o)
 .text          0x200070f0        0x0 c:/cseapp/codelite/tools/gcc-arm/bin/../lib/gcc/arm-none-eabi/9.2.1/../../../../arm-none-eabi/lib/thumb/v7e-m+fp/hard\libc_nano.a(lib_a-sbrkr.o)
 .text          0x200070f0        0x0 c:/cseapp/codelite/tools/gcc-arm/bin/../lib/gcc/arm-none-eabi/9.2.1/../../../../arm-none-eabi/lib/thumb/v7e-m+fp/hard\libc_nano.a(lib_a-mlock.o)
 .text          0x200070f0        0x0 c:/cseapp/codelite/tools/gcc-arm/bin/../lib/gcc/arm-none-eabi/9.2.1/../../../../arm-none-eabi/lib/thumb/v7e-m+fp/hard\libc_nano.a(lib_a-nano-msizer.o)
 .text          0x200070f0        0x0 c:/cseapp/codelite/tools/gcc-arm/bin/../lib/gcc/arm-none-eabi/9.2.1/../../../../arm-none-eabi/lib/thumb/v7e-m+fp/hard\libc_nano.a(lib_a-reent.o)
 .text          0x200070f0        0x0 c:/cseapp/codelite/tools/gcc-arm/bin/../lib/gcc/arm-none-eabi/9.2.1/../../../../arm-none-eabi/lib/thumb/v7e-m+fp/hard\libc_nano.a(lib_a-lock.o)
 *(.text.*)
 .text.atoi     0x200070f0        0x8 c:/cseapp/codelite/tools/gcc-arm/bin/../lib/gcc/arm-none-eabi/9.2.1/../../../../arm-none-eabi/lib/thumb/v7e-m+fp/hard\libc_nano.a(lib_a-atoi.o)
                0x200070f0                atoi
 .text._atoi_r  0x200070f8        0x8 c:/cseapp/codelite/tools/gcc-arm/bin/../lib/gcc/arm-none-eabi/9.2.1/../../../../arm-none-eabi/lib/thumb/v7e-m+fp/hard\libc_nano.a(lib_a-atoi.o)
                0x200070f8                _atoi_r
 .text._snprintf_r
                0x20007100       0x5e c:/cseapp/codelite/tools/gcc-arm/bin/../lib/gcc/arm-none-eabi/9.2.1/../../../../arm-none-eabi/lib/thumb/v7e-m+fp/hard\libc_nano.a(lib_a-snprintf.o)
                0x20007100                _snprintf_r
                0x20007100                _sniprintf_r
 *fill*         0x2000715e        0x2 
 .text.snprintf
                0x20007160       0x68 c:/cseapp/codelite/tools/gcc-arm/bin/../lib/gcc/arm-none-eabi/9.2.1/../../../../arm-none-eabi/lib/thumb/v7e-m+fp/hard\libc_nano.a(lib_a-snprintf.o)
                0x20007160                sniprintf
                0x20007160                snprintf
 .text._strtol_l.isra.0
                0x200071c8       0xf4 c:/cseapp/codelite/tools/gcc-arm/bin/../lib/gcc/arm-none-eabi/9.2.1/../../../../arm-none-eabi/lib/thumb/v7e-m+fp/hard\libc_nano.a(lib_a-strtol.o)
 .text._strtol_r
                0x200072bc        0x4 c:/cseapp/codelite/tools/gcc-arm/bin/../lib/gcc/arm-none-eabi/9.2.1/../../../../arm-none-eabi/lib/thumb/v7e-m+fp/hard\libc_nano.a(lib_a-strtol.o)
                0x200072bc                _strtol_r
 .text.strtol_l
                0x200072c0       0x14 c:/cseapp/codelite/tools/gcc-arm/bin/../lib/gcc/arm-none-eabi/9.2.1/../../../../arm-none-eabi/lib/thumb/v7e-m+fp/hard\libc_nano.a(lib_a-strtol.o)
                0x200072c0                strtol_l
 .text.strtol   0x200072d4       0x14 c:/cseapp/codelite/tools/gcc-arm/bin/../lib/gcc/arm-none-eabi/9.2.1/../../../../arm-none-eabi/lib/thumb/v7e-m+fp/hard\libc_nano.a(lib_a-strtol.o)
                0x200072d4                strtol
 .text.__ssputs_r
                0x200072e8       0xb6 c:/cseapp/codelite/tools/gcc-arm/bin/../lib/gcc/arm-none-eabi/9.2.1/../../../../arm-none-eabi/lib/thumb/v7e-m+fp/hard\libc_nano.a(lib_a-nano-svfprintf.o)
                0x200072e8                __ssputs_r
 .text.__ssprint_r
                0x2000739e       0xf6 c:/cseapp/codelite/tools/gcc-arm/bin/../lib/gcc/arm-none-eabi/9.2.1/../../../../arm-none-eabi/lib/thumb/v7e-m+fp/hard\libc_nano.a(lib_a-nano-svfprintf.o)
                0x2000739e                __ssprint_r
 .text._svfprintf_r
                0x20007494      0x200 c:/cseapp/codelite/tools/gcc-arm/bin/../lib/gcc/arm-none-eabi/9.2.1/../../../../arm-none-eabi/lib/thumb/v7e-m+fp/hard\libc_nano.a(lib_a-nano-svfprintf.o)
                0x20007494                _svfiprintf_r
                0x20007494                _svfprintf_r
 .text._printf_common
                0x20007694       0xda c:/cseapp/codelite/tools/gcc-arm/bin/../lib/gcc/arm-none-eabi/9.2.1/../../../../arm-none-eabi/lib/thumb/v7e-m+fp/hard\libc_nano.a(lib_a-nano-vfprintf_i.o)
                0x20007694                _printf_common
 *fill*         0x2000776e        0x2 
 .text._printf_i
                0x20007770      0x24c c:/cseapp/codelite/tools/gcc-arm/bin/../lib/gcc/arm-none-eabi/9.2.1/../../../../arm-none-eabi/lib/thumb/v7e-m+fp/hard\libc_nano.a(lib_a-nano-vfprintf_i.o)
                0x20007770                _printf_i
 .text.memcpy   0x200079bc       0x1c c:/cseapp/codelite/tools/gcc-arm/bin/../lib/gcc/arm-none-eabi/9.2.1/../../../../arm-none-eabi/lib/thumb/v7e-m+fp/hard\libc_nano.a(lib_a-memcpy-stub.o)
                0x200079bc                memcpy
 .text.memmove  0x200079d8       0x34 c:/cseapp/codelite/tools/gcc-arm/bin/../lib/gcc/arm-none-eabi/9.2.1/../../../../arm-none-eabi/lib/thumb/v7e-m+fp/hard\libc_nano.a(lib_a-memmove.o)
                0x200079d8                memmove
 .text._free_r  0x20007a0c       0xa0 c:/cseapp/codelite/tools/gcc-arm/bin/../lib/gcc/arm-none-eabi/9.2.1/../../../../arm-none-eabi/lib/thumb/v7e-m+fp/hard\libc_nano.a(lib_a-nano-freer.o)
                0x20007a0c                _free_r
 .text._malloc_r
                0x20007aac       0xb4 c:/cseapp/codelite/tools/gcc-arm/bin/../lib/gcc/arm-none-eabi/9.2.1/../../../../arm-none-eabi/lib/thumb/v7e-m+fp/hard\libc_nano.a(lib_a-nano-mallocr.o)
                0x20007aac                _malloc_r
 .text._realloc_r
                0x20007b60       0x4c c:/cseapp/codelite/tools/gcc-arm/bin/../lib/gcc/arm-none-eabi/9.2.1/../../../../arm-none-eabi/lib/thumb/v7e-m+fp/hard\libc_nano.a(lib_a-nano-reallocr.o)
                0x20007b60                _realloc_r
 .text._sbrk_r  0x20007bac       0x20 c:/cseapp/codelite/tools/gcc-arm/bin/../lib/gcc/arm-none-eabi/9.2.1/../../../../arm-none-eabi/lib/thumb/v7e-m+fp/hard\libc_nano.a(lib_a-sbrkr.o)
                0x20007bac                _sbrk_r
 .text.__malloc_lock
                0x20007bcc        0xc c:/cseapp/codelite/tools/gcc-arm/bin/../lib/gcc/arm-none-eabi/9.2.1/../../../../arm-none-eabi/lib/thumb/v7e-m+fp/hard\libc_nano.a(lib_a-mlock.o)
                0x20007bcc                __malloc_lock
 .text.__malloc_unlock
                0x20007bd8        0xc c:/cseapp/codelite/tools/gcc-arm/bin/../lib/gcc/arm-none-eabi/9.2.1/../../../../arm-none-eabi/lib/thumb/v7e-m+fp/hard\libc_nano.a(lib_a-mlock.o)
                0x20007bd8                __malloc_unlock
 .text._malloc_usable_size_r
                0x20007be4       0x10 c:/cseapp/codelite/tools/gcc-arm/bin/../lib/gcc/arm-none-eabi/9.2.1/../../../../arm-none-eabi/lib/thumb/v7e-m+fp/hard\libc_nano.a(lib_a-nano-msizer.o)
                0x20007be4                _malloc_usable_size_r
 .text.cleanup_glue
                0x20007bf4       0x1a c:/cseapp/codelite/tools/gcc-arm/bin/../lib/gcc/arm-none-eabi/9.2.1/../../../../arm-none-eabi/lib/thumb/v7e-m+fp/hard\libc_nano.a(lib_a-reent.o)
                0x20007bf4                cleanup_glue
 *fill*         0x20007c0e        0x2 
 .text._reclaim_reent
                0x20007c10       0xb8 c:/cseapp/codelite/tools/gcc-arm/bin/../lib/gcc/arm-none-eabi/9.2.1/../../../../arm-none-eabi/lib/thumb/v7e-m+fp/hard\libc_nano.a(lib_a-reent.o)
                0x20007c10                _reclaim_reent
 .text.__retarget_lock_init
                0x20007cc8        0x2 c:/cseapp/codelite/tools/gcc-arm/bin/../lib/gcc/arm-none-eabi/9.2.1/../../../../arm-none-eabi/lib/thumb/v7e-m+fp/hard\libc_nano.a(lib_a-lock.o)
                0x20007cc8                __retarget_lock_init
 .text.__retarget_lock_init_recursive
                0x20007cca        0x2 c:/cseapp/codelite/tools/gcc-arm/bin/../lib/gcc/arm-none-eabi/9.2.1/../../../../arm-none-eabi/lib/thumb/v7e-m+fp/hard\libc_nano.a(lib_a-lock.o)
                0x20007cca                __retarget_lock_init_recursive
 .text.__retarget_lock_close
                0x20007ccc        0x2 c:/cseapp/codelite/tools/gcc-arm/bin/../lib/gcc/arm-none-eabi/9.2.1/../../../../arm-none-eabi/lib/thumb/v7e-m+fp/hard\libc_nano.a(lib_a-lock.o)
                0x20007ccc                __retarget_lock_close
 .text.__retarget_lock_close_recursive
                0x20007cce        0x2 c:/cseapp/codelite/tools/gcc-arm/bin/../lib/gcc/arm-none-eabi/9.2.1/../../../../arm-none-eabi/lib/thumb/v7e-m+fp/hard\libc_nano.a(lib_a-lock.o)
                0x20007cce                __retarget_lock_close_recursive
 .text.__retarget_lock_acquire
                0x20007cd0        0x2 c:/cseapp/codelite/tools/gcc-arm/bin/../lib/gcc/arm-none-eabi/9.2.1/../../../../arm-none-eabi/lib/thumb/v7e-m+fp/hard\libc_nano.a(lib_a-lock.o)
                0x20007cd0                __retarget_lock_acquire
 .text.__retarget_lock_acquire_recursive
                0x20007cd2        0x2 c:/cseapp/codelite/tools/gcc-arm/bin/../lib/gcc/arm-none-eabi/9.2.1/../../../../arm-none-eabi/lib/thumb/v7e-m+fp/hard\libc_nano.a(lib_a-lock.o)
                0x20007cd2                __retarget_lock_acquire_recursive
 .text.__retarget_lock_try_acquire
                0x20007cd4        0x4 c:/cseapp/codelite/tools/gcc-arm/bin/../lib/gcc/arm-none-eabi/9.2.1/../../../../arm-none-eabi/lib/thumb/v7e-m+fp/hard\libc_nano.a(lib_a-lock.o)
                0x20007cd4                __retarget_lock_try_acquire
 .text.__retarget_lock_try_acquire_recursive
                0x20007cd8        0x4 c:/cseapp/codelite/tools/gcc-arm/bin/../lib/gcc/arm-none-eabi/9.2.1/../../../../arm-none-eabi/lib/thumb/v7e-m+fp/hard\libc_nano.a(lib_a-lock.o)
                0x20007cd8                __retarget_lock_try_acquire_recursive
 .text.__retarget_lock_release
                0x20007cdc        0x2 c:/cseapp/codelite/tools/gcc-arm/bin/../lib/gcc/arm-none-eabi/9.2.1/../../../../arm-none-eabi/lib/thumb/v7e-m+fp/hard\libc_nano.a(lib_a-lock.o)
                0x20007cdc                __retarget_lock_release
 .text.__retarget_lock_release_recursive
                0x20007cde        0x2 c:/cseapp/codelite/tools/gcc-arm/bin/../lib/gcc/arm-none-eabi/9.2.1/../../../../arm-none-eabi/lib/thumb/v7e-m+fp/hard\libc_nano.a(lib_a-lock.o)
                0x20007cde                __retarget_lock_release_recursive
 *(.rodata)
 .rodata        0x20007ce0       0x7d ./Debug/TinyTimber.c.o
 *fill*         0x20007d5d        0x3 
 .rodata        0x20007d60      0x13f ./Debug/application.c.o
 *fill*         0x20007e9f        0x1 
 .rodata        0x20007ea0       0x8a ./Debug/canTinyTimber.c.o
 *(.rodata*)
 .rodata._ctype_
                0x20007f2a      0x101 c:/cseapp/codelite/tools/gcc-arm/bin/../lib/gcc/arm-none-eabi/9.2.1/../../../../arm-none-eabi/lib/thumb/v7e-m+fp/hard\libc_nano.a(lib_a-ctype_.o)
                0x20007f2a                _ctype_
 *fill*         0x2000802b        0x1 
 .rodata._global_impure_ptr
                0x2000802c        0x4 c:/cseapp/codelite/tools/gcc-arm/bin/../lib/gcc/arm-none-eabi/9.2.1/../../../../arm-none-eabi/lib/thumb/v7e-m+fp/hard\libc_nano.a(lib_a-impure.o)
                0x2000802c                _global_impure_ptr
 .rodata._svfprintf_r.str1.1
                0x20008030       0x11 c:/cseapp/codelite/tools/gcc-arm/bin/../lib/gcc/arm-none-eabi/9.2.1/../../../../arm-none-eabi/lib/thumb/v7e-m+fp/hard\libc_nano.a(lib_a-nano-svfprintf.o)
 .rodata._printf_i.str1.1
                0x20008041       0x22 c:/cseapp/codelite/tools/gcc-arm/bin/../lib/gcc/arm-none-eabi/9.2.1/../../../../arm-none-eabi/lib/thumb/v7e-m+fp/hard\libc_nano.a(lib_a-nano-vfprintf_i.o)
 *(.glue_7)
 .glue_7        0x20008063        0x0 linker stubs
 *(.glue_7t)
 .glue_7t       0x20008063        0x0 linker stubs
                0x20008064                . = ALIGN (0x4)
 *fill*         0x20008063        0x1 

.vfp11_veneer   0x20008064        0x0
 .vfp11_veneer  0x20008064        0x0 linker stubs

.v4_bx          0x20008064        0x0
 .v4_bx         0x20008064        0x0 linker stubs

.iplt           0x20008064        0x0
 .iplt          0x20008064        0x0 ./Debug/driver_src_stm32f4xx_syscfg.c.o

.rel.dyn        0x20008064        0x0
 .rel.iplt      0x20008064        0x0 ./Debug/driver_src_stm32f4xx_syscfg.c.o

.data           0x20008064      0x614
                0x20008064                . = ALIGN (0x4)
 *(.data)
 .data          0x20008064        0x0 ./Debug/driver_src_stm32f4xx_syscfg.c.o
 .data          0x20008064        0x0 ./Debug/driver_src_stm32f4xx_usart.c.o
 .data          0x20008064        0x0 ./Debug/driver_src_stm32f4xx_tim.c.o
 .data          0x20008064        0x0 ./Debug/driver_src_stm32f4xx_dac.c.o
 .data          0x20008064        0x0 ./Debug/driver_src_stm32f4xx_gpio.c.o
 .data          0x20008064        0x0 ./Debug/startup.c.o
 .data          0x20008064       0x24 ./Debug/TinyTimber.c.o
                0x20008064                hex
                0x20008078                msgPool
                0x2000807c                threadPool
                0x20008080                activeStack
                0x20008084                current
 .data          0x20008088      0x4f8 ./Debug/application.c.o
                0x20008088                app
                0x200080d4                tonegenerator
                0x200080e8                sci0
                0x20008508                can0
 .data          0x20008580        0x0 ./Debug/driver_src_stm32f4xx_can.c.o
 .data          0x20008580        0x0 ./Debug/sciTinyTimber.c.o
 .data          0x20008580       0x84 ./Debug/dispatch.s.o
 .data          0x20008604        0x0 ./Debug/canTinyTimber.c.o
 .data          0x20008604        0x0 ./Debug/driver_src_stm32f4xx_exti.c.o
 .data          0x20008604       0x10 ./Debug/driver_src_stm32f4xx_rcc.c.o
 .data          0x20008614        0x0 c:/cseapp/codelite/tools/gcc-arm/bin/../lib/gcc/arm-none-eabi/9.2.1/../../../../arm-none-eabi/lib/thumb/v7e-m+fp/hard\libc_nano.a(lib_a-atoi.o)
 .data          0x20008614        0x0 c:/cseapp/codelite/tools/gcc-arm/bin/../lib/gcc/arm-none-eabi/9.2.1/../../../../arm-none-eabi/lib/thumb/v7e-m+fp/hard\libc_nano.a(lib_a-snprintf.o)
 .data          0x20008614        0x0 c:/cseapp/codelite/tools/gcc-arm/bin/../lib/gcc/arm-none-eabi/9.2.1/../../../../arm-none-eabi/lib/thumb/v7e-m+fp/hard\libc_nano.a(lib_a-strtol.o)
 .data          0x20008614        0x0 c:/cseapp/codelite/tools/gcc-arm/bin/../lib/gcc/arm-none-eabi/9.2.1/../../../../arm-none-eabi/lib/thumb/v7e-m+fp/hard\libc_nano.a(lib_a-ctype_.o)
 .data          0x20008614        0x0 c:/cseapp/codelite/tools/gcc-arm/bin/../lib/gcc/arm-none-eabi/9.2.1/../../../../arm-none-eabi/lib/thumb/v7e-m+fp/hard\libc_nano.a(lib_a-impure.o)
 .data          0x20008614        0x0 c:/cseapp/codelite/tools/gcc-arm/bin/../lib/gcc/arm-none-eabi/9.2.1/../../../../arm-none-eabi/lib/thumb/v7e-m+fp/hard\libc_nano.a(lib_a-nano-svfprintf.o)
 .data          0x20008614        0x0 c:/cseapp/codelite/tools/gcc-arm/bin/../lib/gcc/arm-none-eabi/9.2.1/../../../../arm-none-eabi/lib/thumb/v7e-m+fp/hard\libc_nano.a(lib_a-nano-vfprintf_i.o)
 .data          0x20008614        0x0 c:/cseapp/codelite/tools/gcc-arm/bin/../lib/gcc/arm-none-eabi/9.2.1/../../../../arm-none-eabi/lib/thumb/v7e-m+fp/hard\libc_nano.a(lib_a-memchr.o)
 .data          0x20008614        0x0 c:/cseapp/codelite/tools/gcc-arm/bin/../lib/gcc/arm-none-eabi/9.2.1/../../../../arm-none-eabi/lib/thumb/v7e-m+fp/hard\libc_nano.a(lib_a-memcpy-stub.o)
 .data          0x20008614        0x0 c:/cseapp/codelite/tools/gcc-arm/bin/../lib/gcc/arm-none-eabi/9.2.1/../../../../arm-none-eabi/lib/thumb/v7e-m+fp/hard\libc_nano.a(lib_a-memmove.o)
 .data          0x20008614        0x0 c:/cseapp/codelite/tools/gcc-arm/bin/../lib/gcc/arm-none-eabi/9.2.1/../../../../arm-none-eabi/lib/thumb/v7e-m+fp/hard\libc_nano.a(lib_a-nano-freer.o)
 .data          0x20008614        0x0 c:/cseapp/codelite/tools/gcc-arm/bin/../lib/gcc/arm-none-eabi/9.2.1/../../../../arm-none-eabi/lib/thumb/v7e-m+fp/hard\libc_nano.a(lib_a-nano-mallocr.o)
 .data          0x20008614        0x0 c:/cseapp/codelite/tools/gcc-arm/bin/../lib/gcc/arm-none-eabi/9.2.1/../../../../arm-none-eabi/lib/thumb/v7e-m+fp/hard\libc_nano.a(lib_a-nano-reallocr.o)
 .data          0x20008614        0x0 c:/cseapp/codelite/tools/gcc-arm/bin/../lib/gcc/arm-none-eabi/9.2.1/../../../../arm-none-eabi/lib/thumb/v7e-m+fp/hard\libc_nano.a(lib_a-sbrkr.o)
 .data          0x20008614        0x0 c:/cseapp/codelite/tools/gcc-arm/bin/../lib/gcc/arm-none-eabi/9.2.1/../../../../arm-none-eabi/lib/thumb/v7e-m+fp/hard\libc_nano.a(lib_a-mlock.o)
 .data          0x20008614        0x0 c:/cseapp/codelite/tools/gcc-arm/bin/../lib/gcc/arm-none-eabi/9.2.1/../../../../arm-none-eabi/lib/thumb/v7e-m+fp/hard\libc_nano.a(lib_a-nano-msizer.o)
 .data          0x20008614        0x0 c:/cseapp/codelite/tools/gcc-arm/bin/../lib/gcc/arm-none-eabi/9.2.1/../../../../arm-none-eabi/lib/thumb/v7e-m+fp/hard\libc_nano.a(lib_a-reent.o)
 .data          0x20008614        0x0 c:/cseapp/codelite/tools/gcc-arm/bin/../lib/gcc/arm-none-eabi/9.2.1/../../../../arm-none-eabi/lib/thumb/v7e-m+fp/hard\libc_nano.a(lib_a-lock.o)
 *(.data.*)
 .data._impure_ptr
                0x20008614        0x4 c:/cseapp/codelite/tools/gcc-arm/bin/../lib/gcc/arm-none-eabi/9.2.1/../../../../arm-none-eabi/lib/thumb/v7e-m+fp/hard\libc_nano.a(lib_a-impure.o)
                0x20008614                _impure_ptr
 .data.impure_data
                0x20008618       0x60 c:/cseapp/codelite/tools/gcc-arm/bin/../lib/gcc/arm-none-eabi/9.2.1/../../../../arm-none-eabi/lib/thumb/v7e-m+fp/hard\libc_nano.a(lib_a-impure.o)
                0x20008678                . = ALIGN (0x4)

.igot.plt       0x20008678        0x0
 .igot.plt      0x20008678        0x0 ./Debug/driver_src_stm32f4xx_syscfg.c.o

.bss            0x20008678     0x84a8
                0x20008678                . = ALIGN (0x4)
                0x20008678                _sbss = .
 *(.bss)
 .bss           0x20008678        0x0 ./Debug/driver_src_stm32f4xx_syscfg.c.o
 .bss           0x20008678        0x0 ./Debug/driver_src_stm32f4xx_usart.c.o
 .bss           0x20008678        0x0 ./Debug/driver_src_stm32f4xx_tim.c.o
 .bss           0x20008678        0x0 ./Debug/driver_src_stm32f4xx_dac.c.o
 .bss           0x20008678        0x0 ./Debug/driver_src_stm32f4xx_gpio.c.o
 .bss           0x20008678        0x0 ./Debug/startup.c.o
 .bss           0x20008678       0x18 ./Debug/TinyTimber.c.o
                0x20008678                doIRQSchedule
                0x2000867c                msgQ
                0x20008680                timerQ
                0x20008684                runAsHardware
                0x20008688                timestamp
                0x2000868c                overflows
 .bss           0x20008690      0x11c ./Debug/application.c.o
                0x20008690                player
 .bss           0x200087ac        0x0 ./Debug/driver_src_stm32f4xx_can.c.o
 .bss           0x200087ac        0x0 ./Debug/sciTinyTimber.c.o
 .bss           0x200087ac        0x0 ./Debug/dispatch.s.o
 .bss           0x200087ac        0x0 ./Debug/canTinyTimber.c.o
 .bss           0x200087ac        0x0 ./Debug/driver_src_stm32f4xx_exti.c.o
 .bss           0x200087ac        0x0 ./Debug/driver_src_stm32f4xx_rcc.c.o
 .bss           0x200087ac        0x0 c:/cseapp/codelite/tools/gcc-arm/bin/../lib/gcc/arm-none-eabi/9.2.1/../../../../arm-none-eabi/lib/thumb/v7e-m+fp/hard\libc_nano.a(lib_a-atoi.o)
 .bss           0x200087ac        0x0 c:/cseapp/codelite/tools/gcc-arm/bin/../lib/gcc/arm-none-eabi/9.2.1/../../../../arm-none-eabi/lib/thumb/v7e-m+fp/hard\libc_nano.a(lib_a-snprintf.o)
 .bss           0x200087ac        0x0 c:/cseapp/codelite/tools/gcc-arm/bin/../lib/gcc/arm-none-eabi/9.2.1/../../../../arm-none-eabi/lib/thumb/v7e-m+fp/hard\libc_nano.a(lib_a-strtol.o)
 .bss           0x200087ac        0x0 c:/cseapp/codelite/tools/gcc-arm/bin/../lib/gcc/arm-none-eabi/9.2.1/../../../../arm-none-eabi/lib/thumb/v7e-m+fp/hard\libc_nano.a(lib_a-ctype_.o)
 .bss           0x200087ac        0x0 c:/cseapp/codelite/tools/gcc-arm/bin/../lib/gcc/arm-none-eabi/9.2.1/../../../../arm-none-eabi/lib/thumb/v7e-m+fp/hard\libc_nano.a(lib_a-impure.o)
 .bss           0x200087ac        0x0 c:/cseapp/codelite/tools/gcc-arm/bin/../lib/gcc/arm-none-eabi/9.2.1/../../../../arm-none-eabi/lib/thumb/v7e-m+fp/hard\libc_nano.a(lib_a-nano-svfprintf.o)
 .bss           0x200087ac        0x0 c:/cseapp/codelite/tools/gcc-arm/bin/../lib/gcc/arm-none-eabi/9.2.1/../../../../arm-none-eabi/lib/thumb/v7e-m+fp/hard\libc_nano.a(lib_a-nano-vfprintf_i.o)
 .bss           0x200087ac        0x0 c:/cseapp/codelite/tools/gcc-arm/bin/../lib/gcc/arm-none-eabi/9.2.1/../../../../arm-none-eabi/lib/thumb/v7e-m+fp/hard\libc_nano.a(lib_a-memchr.o)
 .bss           0x200087ac        0x0 c:/cseapp/codelite/tools/gcc-arm/bin/../lib/gcc/arm-none-eabi/9.2.1/../../../../arm-none-eabi/lib/thumb/v7e-m+fp/hard\libc_nano.a(lib_a-memcpy-stub.o)
 .bss           0x200087ac        0x0 c:/cseapp/codelite/tools/gcc-arm/bin/../lib/gcc/arm-none-eabi/9.2.1/../../../../arm-none-eabi/lib/thumb/v7e-m+fp/hard\libc_nano.a(lib_a-memmove.o)
 .bss           0x200087ac        0x0 c:/cseapp/codelite/tools/gcc-arm/bin/../lib/gcc/arm-none-eabi/9.2.1/../../../../arm-none-eabi/lib/thumb/v7e-m+fp/hard\libc_nano.a(lib_a-nano-freer.o)
 .bss           0x200087ac        0x0 c:/cseapp/codelite/tools/gcc-arm/bin/../lib/gcc/arm-none-eabi/9.2.1/../../../../arm-none-eabi/lib/thumb/v7e-m+fp/hard\libc_nano.a(lib_a-nano-mallocr.o)
 .bss           0x200087ac        0x0 c:/cseapp/codelite/tools/gcc-arm/bin/../lib/gcc/arm-none-eabi/9.2.1/../../../../arm-none-eabi/lib/thumb/v7e-m+fp/hard\libc_nano.a(lib_a-nano-reallocr.o)
 .bss           0x200087ac        0x0 c:/cseapp/codelite/tools/gcc-arm/bin/../lib/gcc/arm-none-eabi/9.2.1/../../../../arm-none-eabi/lib/thumb/v7e-m+fp/hard\libc_nano.a(lib_a-sbrkr.o)
 .bss           0x200087ac        0x0 c:/cseapp/codelite/tools/gcc-arm/bin/../lib/gcc/arm-none-eabi/9.2.1/../../../../arm-none-eabi/lib/thumb/v7e-m+fp/hard\libc_nano.a(lib_a-mlock.o)
 .bss           0x200087ac        0x0 c:/cseapp/codelite/tools/gcc-arm/bin/../lib/gcc/arm-none-eabi/9.2.1/../../../../arm-none-eabi/lib/thumb/v7e-m+fp/hard\libc_nano.a(lib_a-nano-msizer.o)
 .bss           0x200087ac        0x0 c:/cseapp/codelite/tools/gcc-arm/bin/../lib/gcc/arm-none-eabi/9.2.1/../../../../arm-none-eabi/lib/thumb/v7e-m+fp/hard\libc_nano.a(lib_a-reent.o)
 .bss           0x200087ac        0x0 c:/cseapp/codelite/tools/gcc-arm/bin/../lib/gcc/arm-none-eabi/9.2.1/../../../../arm-none-eabi/lib/thumb/v7e-m+fp/hard\libc_nano.a(lib_a-lock.o)
 *(.bss.*)
 .bss.__malloc_free_list
                0x200087ac        0x4 c:/cseapp/codelite/tools/gcc-arm/bin/../lib/gcc/arm-none-eabi/9.2.1/../../../../arm-none-eabi/lib/thumb/v7e-m+fp/hard\libc_nano.a(lib_a-nano-mallocr.o)
                0x200087ac                __malloc_free_list
 .bss.__malloc_sbrk_start
                0x200087b0        0x4 c:/cseapp/codelite/tools/gcc-arm/bin/../lib/gcc/arm-none-eabi/9.2.1/../../../../arm-none-eabi/lib/thumb/v7e-m+fp/hard\libc_nano.a(lib_a-nano-mallocr.o)
                0x200087b0                __malloc_sbrk_start
 *(COMMON)
 *fill*         0x200087b4        0x4 
 COMMON         0x200087b8     0x8358 ./Debug/TinyTimber.c.o
                0x200087b8                otable
                0x200087c4                upcoming
                0x200087c8                threads
                0x20008818                mtable
                0x20008824                thread0
                0x20008838                messages
                0x20008b08                __heap_end
                0x20008b10                stacks
 COMMON         0x20010b10        0x4 c:/cseapp/codelite/tools/gcc-arm/bin/../lib/gcc/arm-none-eabi/9.2.1/../../../../arm-none-eabi/lib/thumb/v7e-m+fp/hard\libc_nano.a(lib_a-reent.o)
                0x20010b10                errno
 COMMON         0x20010b14        0x9 c:/cseapp/codelite/tools/gcc-arm/bin/../lib/gcc/arm-none-eabi/9.2.1/../../../../arm-none-eabi/lib/thumb/v7e-m+fp/hard\libc_nano.a(lib_a-lock.o)
                0x20010b14                __lock___atexit_recursive_mutex
                0x20010b15                __lock___arc4random_mutex
                0x20010b16                __lock___env_recursive_mutex
                0x20010b17                __lock___sinit_recursive_mutex
                0x20010b18                __lock___malloc_recursive_mutex
                0x20010b19                __lock___at_quick_exit_mutex
                0x20010b1a                __lock___dd_hash_mutex
                0x20010b1b                __lock___tz_mutex
                0x20010b1c                __lock___sfp_recursive_mutex
                0x20010b20                . = ALIGN (0x4)
 *fill*         0x20010b1d        0x3 
                0x20010b20                _ebss = .
                0x20010b20                PROVIDE (end = _ebss)
                [!provide]                PROVIDE (_end = _ebss)
OUTPUT(./Debug/RTS-Lab.elf elf32-littlearm)

.debug_info     0x00000000     0xa546
 .debug_info    0x00000000      0x2c4 ./Debug/driver_src_stm32f4xx_syscfg.c.o
 .debug_info    0x000002c4      0xa68 ./Debug/driver_src_stm32f4xx_usart.c.o
 .debug_info    0x00000d2c     0x1e26 ./Debug/driver_src_stm32f4xx_tim.c.o
 .debug_info    0x00002b52      0x6af ./Debug/driver_src_stm32f4xx_dac.c.o
 .debug_info    0x00003201      0x67f ./Debug/driver_src_stm32f4xx_gpio.c.o
 .debug_info    0x00003880      0xade ./Debug/startup.c.o
 .debug_info    0x0000435e     0x1833 ./Debug/TinyTimber.c.o
 .debug_info    0x00005b91     0x134d ./Debug/application.c.o
 .debug_info    0x00006ede      0xc60 ./Debug/driver_src_stm32f4xx_can.c.o
 .debug_info    0x00007b3e      0x9d7 ./Debug/sciTinyTimber.c.o
 .debug_info    0x00008515      0xdba ./Debug/canTinyTimber.c.o
 .debug_info    0x000092cf      0x383 ./Debug/driver_src_stm32f4xx_exti.c.o
 .debug_info    0x00009652      0xef4 ./Debug/driver_src_stm32f4xx_rcc.c.o

.debug_abbrev   0x00000000     0x1e36
 .debug_abbrev  0x00000000      0x164 ./Debug/driver_src_stm32f4xx_syscfg.c.o
 .debug_abbrev  0x00000164      0x1a8 ./Debug/driver_src_stm32f4xx_usart.c.o
 .debug_abbrev  0x0000030c      0x1c2 ./Debug/driver_src_stm32f4xx_tim.c.o
 .debug_abbrev  0x000004ce      0x1b9 ./Debug/driver_src_stm32f4xx_dac.c.o
 .debug_abbrev  0x00000687      0x1e6 ./Debug/driver_src_stm32f4xx_gpio.c.o
 .debug_abbrev  0x0000086d      0x286 ./Debug/startup.c.o
 .debug_abbrev  0x00000af3      0x4e3 ./Debug/TinyTimber.c.o
 .debug_abbrev  0x00000fd6      0x335 ./Debug/application.c.o
 .debug_abbrev  0x0000130b      0x238 ./Debug/driver_src_stm32f4xx_can.c.o
 .debug_abbrev  0x00001543      0x286 ./Debug/sciTinyTimber.c.o
 .debug_abbrev  0x000017c9      0x28a ./Debug/canTinyTimber.c.o
 .debug_abbrev  0x00001a53      0x1ea ./Debug/driver_src_stm32f4xx_exti.c.o
 .debug_abbrev  0x00001c3d      0x1f9 ./Debug/driver_src_stm32f4xx_rcc.c.o

.debug_aranges  0x00000000      0x1a8
 .debug_aranges
                0x00000000       0x20 ./Debug/driver_src_stm32f4xx_syscfg.c.o
 .debug_aranges
                0x00000020       0x20 ./Debug/driver_src_stm32f4xx_usart.c.o
 .debug_aranges
                0x00000040       0x20 ./Debug/driver_src_stm32f4xx_tim.c.o
 .debug_aranges
                0x00000060       0x20 ./Debug/driver_src_stm32f4xx_dac.c.o
 .debug_aranges
                0x00000080       0x20 ./Debug/driver_src_stm32f4xx_gpio.c.o
 .debug_aranges
                0x000000a0       0x28 ./Debug/startup.c.o
 .debug_aranges
                0x000000c8       0x20 ./Debug/TinyTimber.c.o
 .debug_aranges
                0x000000e8       0x20 ./Debug/application.c.o
 .debug_aranges
                0x00000108       0x20 ./Debug/driver_src_stm32f4xx_can.c.o
 .debug_aranges
                0x00000128       0x20 ./Debug/sciTinyTimber.c.o
 .debug_aranges
                0x00000148       0x20 ./Debug/canTinyTimber.c.o
 .debug_aranges
                0x00000168       0x20 ./Debug/driver_src_stm32f4xx_exti.c.o
 .debug_aranges
                0x00000188       0x20 ./Debug/driver_src_stm32f4xx_rcc.c.o

.debug_line     0x00000000     0x46d7
 .debug_line    0x00000000      0x206 ./Debug/driver_src_stm32f4xx_syscfg.c.o
 .debug_line    0x00000206      0x57e ./Debug/driver_src_stm32f4xx_usart.c.o
 .debug_line    0x00000784      0xb91 ./Debug/driver_src_stm32f4xx_tim.c.o
 .debug_line    0x00001315      0x3c1 ./Debug/driver_src_stm32f4xx_dac.c.o
 .debug_line    0x000016d6      0x41c ./Debug/driver_src_stm32f4xx_gpio.c.o
 .debug_line    0x00001af2      0x377 ./Debug/startup.c.o
 .debug_line    0x00001e69      0xa85 ./Debug/TinyTimber.c.o
 .debug_line    0x000028ee      0x3f3 ./Debug/application.c.o
 .debug_line    0x00002ce1      0x8c3 ./Debug/driver_src_stm32f4xx_can.c.o
 .debug_line    0x000035a4      0x2b5 ./Debug/sciTinyTimber.c.o
 .debug_line    0x00003859      0x41f ./Debug/canTinyTimber.c.o
 .debug_line    0x00003c78      0x2eb ./Debug/driver_src_stm32f4xx_exti.c.o
 .debug_line    0x00003f63      0x774 ./Debug/driver_src_stm32f4xx_rcc.c.o

.debug_str      0x00000000     0x37e7
 .debug_str     0x00000000      0x2fc ./Debug/driver_src_stm32f4xx_syscfg.c.o
                                0x364 (size before relaxing)
 .debug_str     0x000002fc      0x4e3 ./Debug/driver_src_stm32f4xx_usart.c.o
                                0x6e5 (size before relaxing)
 .debug_str     0x000007df      0xb8b ./Debug/driver_src_stm32f4xx_tim.c.o
                                0xe26 (size before relaxing)
 .debug_str     0x0000136a      0x29d ./Debug/driver_src_stm32f4xx_dac.c.o
                                0x4a9 (size before relaxing)
 .debug_str     0x00001607      0x324 ./Debug/driver_src_stm32f4xx_gpio.c.o
                                0x4f9 (size before relaxing)
 .debug_str     0x0000192b      0x3c8 ./Debug/startup.c.o
                                0x7ec (size before relaxing)
 .debug_str     0x00001cf3      0x89f ./Debug/TinyTimber.c.o
                                0xca9 (size before relaxing)
 .debug_str     0x00002592      0x57f ./Debug/application.c.o
                                0x8e8 (size before relaxing)
 .debug_str     0x00002b11      0x3b3 ./Debug/driver_src_stm32f4xx_can.c.o
                                0x794 (size before relaxing)
 .debug_str     0x00002ec4       0x74 ./Debug/sciTinyTimber.c.o
                                0x8c9 (size before relaxing)
 .debug_str     0x00002f38       0x83 ./Debug/canTinyTimber.c.o
                                0xa6a (size before relaxing)
 .debug_str     0x00002fbb      0x102 ./Debug/driver_src_stm32f4xx_exti.c.o
                                0x3a2 (size before relaxing)
 .debug_str     0x000030bd      0x72a ./Debug/driver_src_stm32f4xx_rcc.c.o
                                0x9eb (size before relaxing)

.comment        0x00000000       0x79
 .comment       0x00000000       0x79 ./Debug/driver_src_stm32f4xx_syscfg.c.o
                                 0x7a (size before relaxing)
 .comment       0x00000079       0x7a ./Debug/driver_src_stm32f4xx_usart.c.o
 .comment       0x00000079       0x7a ./Debug/driver_src_stm32f4xx_tim.c.o
 .comment       0x00000079       0x7a ./Debug/driver_src_stm32f4xx_dac.c.o
 .comment       0x00000079       0x7a ./Debug/driver_src_stm32f4xx_gpio.c.o
 .comment       0x00000079       0x7a ./Debug/startup.c.o
 .comment       0x00000079       0x7a ./Debug/TinyTimber.c.o
 .comment       0x00000079       0x7a ./Debug/application.c.o
 .comment       0x00000079       0x7a ./Debug/driver_src_stm32f4xx_can.c.o
 .comment       0x00000079       0x7a ./Debug/sciTinyTimber.c.o
 .comment       0x00000079       0x7a ./Debug/canTinyTimber.c.o
 .comment       0x00000079       0x7a ./Debug/driver_src_stm32f4xx_exti.c.o
 .comment       0x00000079       0x7a ./Debug/driver_src_stm32f4xx_rcc.c.o

.ARM.attributes
                0x00000000       0x32
 .ARM.attributes
                0x00000000       0x34 ./Debug/driver_src_stm32f4xx_syscfg.c.o
 .ARM.attributes
                0x00000034       0x34 ./Debug/driver_src_stm32f4xx_usart.c.o
 .ARM.attributes
                0x00000068       0x34 ./Debug/driver_src_stm32f4xx_tim.c.o
 .ARM.attributes
                0x0000009c       0x34 ./Debug/driver_src_stm32f4xx_dac.c.o
 .ARM.attributes
                0x000000d0       0x34 ./Debug/driver_src_stm32f4xx_gpio.c.o
 .ARM.attributes
                0x00000104       0x34 ./Debug/startup.c.o
 .ARM.attributes
                0x00000138       0x34 ./Debug/TinyTimber.c.o
 .ARM.attributes
                0x0000016c       0x34 ./Debug/application.c.o
 .ARM.attributes
                0x000001a0       0x34 ./Debug/driver_src_stm32f4xx_can.c.o
 .ARM.attributes
                0x000001d4       0x34 ./Debug/sciTinyTimber.c.o
 .ARM.attributes
                0x00000208       0x25 ./Debug/dispatch.s.o
 .ARM.attributes
                0x0000022d       0x34 ./Debug/canTinyTimber.c.o
 .ARM.attributes
                0x00000261       0x34 ./Debug/driver_src_stm32f4xx_exti.c.o
 .ARM.attributes
                0x00000295       0x34 ./Debug/driver_src_stm32f4xx_rcc.c.o
 .ARM.attributes
                0x000002c9       0x34 c:/cseapp/codelite/tools/gcc-arm/bin/../lib/gcc/arm-none-eabi/9.2.1/../../../../arm-none-eabi/lib/thumb/v7e-m+fp/hard\libc_nano.a(lib_a-atoi.o)
 .ARM.attributes
                0x000002fd       0x34 c:/cseapp/codelite/tools/gcc-arm/bin/../lib/gcc/arm-none-eabi/9.2.1/../../../../arm-none-eabi/lib/thumb/v7e-m+fp/hard\libc_nano.a(lib_a-snprintf.o)
 .ARM.attributes
                0x00000331       0x34 c:/cseapp/codelite/tools/gcc-arm/bin/../lib/gcc/arm-none-eabi/9.2.1/../../../../arm-none-eabi/lib/thumb/v7e-m+fp/hard\libc_nano.a(lib_a-strtol.o)
 .ARM.attributes
                0x00000365       0x32 c:/cseapp/codelite/tools/gcc-arm/bin/../lib/gcc/arm-none-eabi/9.2.1/../../../../arm-none-eabi/lib/thumb/v7e-m+fp/hard\libc_nano.a(lib_a-ctype_.o)
 .ARM.attributes
                0x00000397       0x32 c:/cseapp/codelite/tools/gcc-arm/bin/../lib/gcc/arm-none-eabi/9.2.1/../../../../arm-none-eabi/lib/thumb/v7e-m+fp/hard\libc_nano.a(lib_a-impure.o)
 .ARM.attributes
                0x000003c9       0x34 c:/cseapp/codelite/tools/gcc-arm/bin/../lib/gcc/arm-none-eabi/9.2.1/../../../../arm-none-eabi/lib/thumb/v7e-m+fp/hard\libc_nano.a(lib_a-nano-svfprintf.o)
 .ARM.attributes
                0x000003fd       0x34 c:/cseapp/codelite/tools/gcc-arm/bin/../lib/gcc/arm-none-eabi/9.2.1/../../../../arm-none-eabi/lib/thumb/v7e-m+fp/hard\libc_nano.a(lib_a-nano-vfprintf_i.o)
 .ARM.attributes
                0x00000431       0x1c c:/cseapp/codelite/tools/gcc-arm/bin/../lib/gcc/arm-none-eabi/9.2.1/../../../../arm-none-eabi/lib/thumb/v7e-m+fp/hard\libc_nano.a(lib_a-memchr.o)
 .ARM.attributes
                0x0000044d       0x34 c:/cseapp/codelite/tools/gcc-arm/bin/../lib/gcc/arm-none-eabi/9.2.1/../../../../arm-none-eabi/lib/thumb/v7e-m+fp/hard\libc_nano.a(lib_a-memcpy-stub.o)
 .ARM.attributes
                0x00000481       0x34 c:/cseapp/codelite/tools/gcc-arm/bin/../lib/gcc/arm-none-eabi/9.2.1/../../../../arm-none-eabi/lib/thumb/v7e-m+fp/hard\libc_nano.a(lib_a-memmove.o)
 .ARM.attributes
                0x000004b5       0x34 c:/cseapp/codelite/tools/gcc-arm/bin/../lib/gcc/arm-none-eabi/9.2.1/../../../../arm-none-eabi/lib/thumb/v7e-m+fp/hard\libc_nano.a(lib_a-nano-freer.o)
 .ARM.attributes
                0x000004e9       0x34 c:/cseapp/codelite/tools/gcc-arm/bin/../lib/gcc/arm-none-eabi/9.2.1/../../../../arm-none-eabi/lib/thumb/v7e-m+fp/hard\libc_nano.a(lib_a-nano-mallocr.o)
 .ARM.attributes
                0x0000051d       0x34 c:/cseapp/codelite/tools/gcc-arm/bin/../lib/gcc/arm-none-eabi/9.2.1/../../../../arm-none-eabi/lib/thumb/v7e-m+fp/hard\libc_nano.a(lib_a-nano-reallocr.o)
 .ARM.attributes
                0x00000551       0x34 c:/cseapp/codelite/tools/gcc-arm/bin/../lib/gcc/arm-none-eabi/9.2.1/../../../../arm-none-eabi/lib/thumb/v7e-m+fp/hard\libc_nano.a(lib_a-sbrkr.o)
 .ARM.attributes
                0x00000585       0x34 c:/cseapp/codelite/tools/gcc-arm/bin/../lib/gcc/arm-none-eabi/9.2.1/../../../../arm-none-eabi/lib/thumb/v7e-m+fp/hard\libc_nano.a(lib_a-mlock.o)
 .ARM.attributes
                0x000005b9       0x34 c:/cseapp/codelite/tools/gcc-arm/bin/../lib/gcc/arm-none-eabi/9.2.1/../../../../arm-none-eabi/lib/thumb/v7e-m+fp/hard\libc_nano.a(lib_a-nano-msizer.o)
 .ARM.attributes
                0x000005ed       0x34 c:/cseapp/codelite/tools/gcc-arm/bin/../lib/gcc/arm-none-eabi/9.2.1/../../../../arm-none-eabi/lib/thumb/v7e-m+fp/hard\libc_nano.a(lib_a-reent.o)
 .ARM.attributes
                0x00000621       0x34 c:/cseapp/codelite/tools/gcc-arm/bin/../lib/gcc/arm-none-eabi/9.2.1/../../../../arm-none-eabi/lib/thumb/v7e-m+fp/hard\libc_nano.a(lib_a-lock.o)

.debug_frame    0x00000000     0x354c
 .debug_frame   0x00000000      0x11c ./Debug/driver_src_stm32f4xx_syscfg.c.o
 .debug_frame   0x0000011c      0x490 ./Debug/driver_src_stm32f4xx_usart.c.o
 .debug_frame   0x000005ac      0xe54 ./Debug/driver_src_stm32f4xx_tim.c.o
 .debug_frame   0x00001400      0x2ac ./Debug/driver_src_stm32f4xx_dac.c.o
 .debug_frame   0x000016ac      0x23c ./Debug/driver_src_stm32f4xx_gpio.c.o
 .debug_frame   0x000018e8      0x14c ./Debug/startup.c.o
 .debug_frame   0x00001a34      0x57c ./Debug/TinyTimber.c.o
 .debug_frame   0x00001fb0      0x1b0 ./Debug/application.c.o
 .debug_frame   0x00002160      0x3f8 ./Debug/driver_src_stm32f4xx_can.c.o
 .debug_frame   0x00002558      0x11c ./Debug/sciTinyTimber.c.o
 .debug_frame   0x00002674      0x100 ./Debug/canTinyTimber.c.o
 .debug_frame   0x00002774      0x148 ./Debug/driver_src_stm32f4xx_exti.c.o
 .debug_frame   0x000028bc      0x814 ./Debug/driver_src_stm32f4xx_rcc.c.o
 .debug_frame   0x000030d0       0x30 c:/cseapp/codelite/tools/gcc-arm/bin/../lib/gcc/arm-none-eabi/9.2.1/../../../../arm-none-eabi/lib/thumb/v7e-m+fp/hard\libc_nano.a(lib_a-atoi.o)
 .debug_frame   0x00003100       0x7c c:/cseapp/codelite/tools/gcc-arm/bin/../lib/gcc/arm-none-eabi/9.2.1/../../../../arm-none-eabi/lib/thumb/v7e-m+fp/hard\libc_nano.a(lib_a-snprintf.o)
 .debug_frame   0x0000317c       0x64 c:/cseapp/codelite/tools/gcc-arm/bin/../lib/gcc/arm-none-eabi/9.2.1/../../../../arm-none-eabi/lib/thumb/v7e-m+fp/hard\libc_nano.a(lib_a-strtol.o)
 .debug_frame   0x000031e0       0x90 c:/cseapp/codelite/tools/gcc-arm/bin/../lib/gcc/arm-none-eabi/9.2.1/../../../../arm-none-eabi/lib/thumb/v7e-m+fp/hard\libc_nano.a(lib_a-nano-svfprintf.o)
 .debug_frame   0x00003270       0x60 c:/cseapp/codelite/tools/gcc-arm/bin/../lib/gcc/arm-none-eabi/9.2.1/../../../../arm-none-eabi/lib/thumb/v7e-m+fp/hard\libc_nano.a(lib_a-nano-vfprintf_i.o)
 .debug_frame   0x000032d0       0x28 c:/cseapp/codelite/tools/gcc-arm/bin/../lib/gcc/arm-none-eabi/9.2.1/../../../../arm-none-eabi/lib/thumb/v7e-m+fp/hard\libc_nano.a(lib_a-memcpy-stub.o)
 .debug_frame   0x000032f8       0x28 c:/cseapp/codelite/tools/gcc-arm/bin/../lib/gcc/arm-none-eabi/9.2.1/../../../../arm-none-eabi/lib/thumb/v7e-m+fp/hard\libc_nano.a(lib_a-memmove.o)
 .debug_frame   0x00003320       0x38 c:/cseapp/codelite/tools/gcc-arm/bin/../lib/gcc/arm-none-eabi/9.2.1/../../../../arm-none-eabi/lib/thumb/v7e-m+fp/hard\libc_nano.a(lib_a-nano-freer.o)
 .debug_frame   0x00003358       0x30 c:/cseapp/codelite/tools/gcc-arm/bin/../lib/gcc/arm-none-eabi/9.2.1/../../../../arm-none-eabi/lib/thumb/v7e-m+fp/hard\libc_nano.a(lib_a-nano-mallocr.o)
 .debug_frame   0x00003388       0x3c c:/cseapp/codelite/tools/gcc-arm/bin/../lib/gcc/arm-none-eabi/9.2.1/../../../../arm-none-eabi/lib/thumb/v7e-m+fp/hard\libc_nano.a(lib_a-nano-reallocr.o)
 .debug_frame   0x000033c4       0x2c c:/cseapp/codelite/tools/gcc-arm/bin/../lib/gcc/arm-none-eabi/9.2.1/../../../../arm-none-eabi/lib/thumb/v7e-m+fp/hard\libc_nano.a(lib_a-sbrkr.o)
 .debug_frame   0x000033f0       0x30 c:/cseapp/codelite/tools/gcc-arm/bin/../lib/gcc/arm-none-eabi/9.2.1/../../../../arm-none-eabi/lib/thumb/v7e-m+fp/hard\libc_nano.a(lib_a-mlock.o)
 .debug_frame   0x00003420       0x20 c:/cseapp/codelite/tools/gcc-arm/bin/../lib/gcc/arm-none-eabi/9.2.1/../../../../arm-none-eabi/lib/thumb/v7e-m+fp/hard\libc_nano.a(lib_a-nano-msizer.o)
 .debug_frame   0x00003440       0x5c c:/cseapp/codelite/tools/gcc-arm/bin/../lib/gcc/arm-none-eabi/9.2.1/../../../../arm-none-eabi/lib/thumb/v7e-m+fp/hard\libc_nano.a(lib_a-reent.o)
 .debug_frame   0x0000349c       0xb0 c:/cseapp/codelite/tools/gcc-arm/bin/../lib/gcc/arm-none-eabi/9.2.1/../../../../arm-none-eabi/lib/thumb/v7e-m+fp/hard\libc_nano.a(lib_a-lock.o)

.debug_ranges   0x00000000       0x18
 .debug_ranges  0x00000000       0x18 ./Debug/startup.c.o

Cross Reference Table

Symbol                                            File
ABORT                                             ./Debug/TinyTimber.c.o
CAN_CancelTransmit                                ./Debug/driver_src_stm32f4xx_can.c.o
CAN_ClearFlag                                     ./Debug/driver_src_stm32f4xx_can.c.o
CAN_ClearITPendingBit                             ./Debug/driver_src_stm32f4xx_can.c.o
CAN_DBGFreeze                                     ./Debug/driver_src_stm32f4xx_can.c.o
CAN_DeInit                                        ./Debug/driver_src_stm32f4xx_can.c.o
                                                  ./Debug/startup.c.o
CAN_FIFORelease                                   ./Debug/driver_src_stm32f4xx_can.c.o
CAN_FilterInit                                    ./Debug/driver_src_stm32f4xx_can.c.o
                                                  ./Debug/startup.c.o
CAN_GetFlagStatus                                 ./Debug/driver_src_stm32f4xx_can.c.o
                                                  ./Debug/canTinyTimber.c.o
CAN_GetITStatus                                   ./Debug/driver_src_stm32f4xx_can.c.o
CAN_GetLSBTransmitErrorCounter                    ./Debug/driver_src_stm32f4xx_can.c.o
CAN_GetLastErrorCode                              ./Debug/driver_src_stm32f4xx_can.c.o
CAN_GetReceiveErrorCounter                        ./Debug/driver_src_stm32f4xx_can.c.o
CAN_ITConfig                                      ./Debug/driver_src_stm32f4xx_can.c.o
                                                  ./Debug/canTinyTimber.c.o
CAN_Init                                          ./Debug/driver_src_stm32f4xx_can.c.o
                                                  ./Debug/canTinyTimber.c.o
CAN_MessagePending                                ./Debug/driver_src_stm32f4xx_can.c.o
CAN_OperatingModeRequest                          ./Debug/driver_src_stm32f4xx_can.c.o
CAN_Receive                                       ./Debug/driver_src_stm32f4xx_can.c.o
                                                  ./Debug/canTinyTimber.c.o
CAN_SlaveStartBank                                ./Debug/driver_src_stm32f4xx_can.c.o
CAN_Sleep                                         ./Debug/driver_src_stm32f4xx_can.c.o
CAN_StructInit                                    ./Debug/driver_src_stm32f4xx_can.c.o
                                                  ./Debug/canTinyTimber.c.o
CAN_TTComModeCmd                                  ./Debug/driver_src_stm32f4xx_can.c.o
CAN_Transmit                                      ./Debug/driver_src_stm32f4xx_can.c.o
                                                  ./Debug/canTinyTimber.c.o
CAN_TransmitStatus                                ./Debug/driver_src_stm32f4xx_can.c.o
CAN_WakeUp                                        ./Debug/driver_src_stm32f4xx_can.c.o
CURRENT_OFFSET                                    ./Debug/TinyTimber.c.o
DAC_ClearFlag                                     ./Debug/driver_src_stm32f4xx_dac.c.o
DAC_ClearITPendingBit                             ./Debug/driver_src_stm32f4xx_dac.c.o
DAC_Cmd                                           ./Debug/driver_src_stm32f4xx_dac.c.o
                                                  ./Debug/startup.c.o
DAC_DMACmd                                        ./Debug/driver_src_stm32f4xx_dac.c.o
DAC_DeInit                                        ./Debug/driver_src_stm32f4xx_dac.c.o
                                                  ./Debug/startup.c.o
DAC_DualSoftwareTriggerCmd                        ./Debug/driver_src_stm32f4xx_dac.c.o
DAC_GetDataOutputValue                            ./Debug/driver_src_stm32f4xx_dac.c.o
DAC_GetFlagStatus                                 ./Debug/driver_src_stm32f4xx_dac.c.o
DAC_GetITStatus                                   ./Debug/driver_src_stm32f4xx_dac.c.o
DAC_ITConfig                                      ./Debug/driver_src_stm32f4xx_dac.c.o
DAC_Init                                          ./Debug/driver_src_stm32f4xx_dac.c.o
                                                  ./Debug/startup.c.o
DAC_SetChannel1Data                               ./Debug/driver_src_stm32f4xx_dac.c.o
DAC_SetChannel2Data                               ./Debug/driver_src_stm32f4xx_dac.c.o
                                                  ./Debug/startup.c.o
DAC_SetDualChannelData                            ./Debug/driver_src_stm32f4xx_dac.c.o
DAC_SoftwareTriggerCmd                            ./Debug/driver_src_stm32f4xx_dac.c.o
DAC_StructInit                                    ./Debug/driver_src_stm32f4xx_dac.c.o
                                                  ./Debug/startup.c.o
DAC_WaveGenerationCmd                             ./Debug/driver_src_stm32f4xx_dac.c.o
DUMP                                              ./Debug/TinyTimber.c.o
                                                  ./Debug/canTinyTimber.c.o
                                                  ./Debug/dispatch.s.o
DUMPC                                             ./Debug/TinyTimber.c.o
DUMPD                                             ./Debug/TinyTimber.c.o
                                                  ./Debug/dispatch.s.o
DUMPH                                             ./Debug/TinyTimber.c.o
                                                  ./Debug/dispatch.s.o
EXTI_ClearFlag                                    ./Debug/driver_src_stm32f4xx_exti.c.o
EXTI_ClearITPendingBit                            ./Debug/driver_src_stm32f4xx_exti.c.o
EXTI_DeInit                                       ./Debug/driver_src_stm32f4xx_exti.c.o
                                                  ./Debug/startup.c.o
EXTI_GenerateSWInterrupt                          ./Debug/driver_src_stm32f4xx_exti.c.o
EXTI_GetFlagStatus                                ./Debug/driver_src_stm32f4xx_exti.c.o
EXTI_GetITStatus                                  ./Debug/driver_src_stm32f4xx_exti.c.o
EXTI_Init                                         ./Debug/driver_src_stm32f4xx_exti.c.o
                                                  ./Debug/startup.c.o
EXTI_StructInit                                   ./Debug/driver_src_stm32f4xx_exti.c.o
                                                  ./Debug/startup.c.o
GPIO_DeInit                                       ./Debug/driver_src_stm32f4xx_gpio.c.o
                                                  ./Debug/startup.c.o
GPIO_Init                                         ./Debug/driver_src_stm32f4xx_gpio.c.o
                                                  ./Debug/startup.c.o
GPIO_PinAFConfig                                  ./Debug/driver_src_stm32f4xx_gpio.c.o
                                                  ./Debug/startup.c.o
GPIO_PinLockConfig                                ./Debug/driver_src_stm32f4xx_gpio.c.o
GPIO_ReadInputData                                ./Debug/driver_src_stm32f4xx_gpio.c.o
GPIO_ReadInputDataBit                             ./Debug/driver_src_stm32f4xx_gpio.c.o
GPIO_ReadOutputData                               ./Debug/driver_src_stm32f4xx_gpio.c.o
GPIO_ReadOutputDataBit                            ./Debug/driver_src_stm32f4xx_gpio.c.o
GPIO_ResetBits                                    ./Debug/driver_src_stm32f4xx_gpio.c.o
GPIO_SetBits                                      ./Debug/driver_src_stm32f4xx_gpio.c.o
GPIO_StructInit                                   ./Debug/driver_src_stm32f4xx_gpio.c.o
                                                  ./Debug/startup.c.o
GPIO_ToggleBits                                   ./Debug/driver_src_stm32f4xx_gpio.c.o
GPIO_Write                                        ./Debug/driver_src_stm32f4xx_gpio.c.o
GPIO_WriteBit                                     ./Debug/driver_src_stm32f4xx_gpio.c.o
                                                  ./Debug/TinyTimber.c.o
                                                  ./Debug/startup.c.o
RCC_AHB1PeriphClockCmd                            ./Debug/driver_src_stm32f4xx_rcc.c.o
                                                  ./Debug/startup.c.o
RCC_AHB1PeriphClockLPModeCmd                      ./Debug/driver_src_stm32f4xx_rcc.c.o
RCC_AHB1PeriphResetCmd                            ./Debug/driver_src_stm32f4xx_rcc.c.o
                                                  ./Debug/driver_src_stm32f4xx_gpio.c.o
RCC_AHB2PeriphClockCmd                            ./Debug/driver_src_stm32f4xx_rcc.c.o
RCC_AHB2PeriphClockLPModeCmd                      ./Debug/driver_src_stm32f4xx_rcc.c.o
RCC_AHB2PeriphResetCmd                            ./Debug/driver_src_stm32f4xx_rcc.c.o
RCC_AHB3PeriphClockCmd                            ./Debug/driver_src_stm32f4xx_rcc.c.o
RCC_AHB3PeriphClockLPModeCmd                      ./Debug/driver_src_stm32f4xx_rcc.c.o
RCC_AHB3PeriphResetCmd                            ./Debug/driver_src_stm32f4xx_rcc.c.o
RCC_APB1PeriphClockCmd                            ./Debug/driver_src_stm32f4xx_rcc.c.o
                                                  ./Debug/startup.c.o
RCC_APB1PeriphClockLPModeCmd                      ./Debug/driver_src_stm32f4xx_rcc.c.o
                                                  ./Debug/startup.c.o
RCC_APB1PeriphResetCmd                            ./Debug/driver_src_stm32f4xx_rcc.c.o
                                                  ./Debug/driver_src_stm32f4xx_can.c.o
                                                  ./Debug/driver_src_stm32f4xx_dac.c.o
                                                  ./Debug/driver_src_stm32f4xx_tim.c.o
                                                  ./Debug/driver_src_stm32f4xx_usart.c.o
RCC_APB2PeriphClockCmd                            ./Debug/driver_src_stm32f4xx_rcc.c.o
                                                  ./Debug/startup.c.o
RCC_APB2PeriphClockLPModeCmd                      ./Debug/driver_src_stm32f4xx_rcc.c.o
RCC_APB2PeriphResetCmd                            ./Debug/driver_src_stm32f4xx_rcc.c.o
                                                  ./Debug/driver_src_stm32f4xx_tim.c.o
                                                  ./Debug/driver_src_stm32f4xx_usart.c.o
                                                  ./Debug/driver_src_stm32f4xx_syscfg.c.o
RCC_AdjustHSICalibrationValue                     ./Debug/driver_src_stm32f4xx_rcc.c.o
RCC_BackupResetCmd                                ./Debug/driver_src_stm32f4xx_rcc.c.o
RCC_ClearFlag                                     ./Debug/driver_src_stm32f4xx_rcc.c.o
RCC_ClearITPendingBit                             ./Debug/driver_src_stm32f4xx_rcc.c.o
RCC_ClockSecuritySystemCmd                        ./Debug/driver_src_stm32f4xx_rcc.c.o
RCC_DeInit                                        ./Debug/driver_src_stm32f4xx_rcc.c.o
RCC_GetClocksFreq                                 ./Debug/driver_src_stm32f4xx_rcc.c.o
                                                  ./Debug/driver_src_stm32f4xx_usart.c.o
RCC_GetFlagStatus                                 ./Debug/driver_src_stm32f4xx_rcc.c.o
RCC_GetITStatus                                   ./Debug/driver_src_stm32f4xx_rcc.c.o
RCC_GetSYSCLKSource                               ./Debug/driver_src_stm32f4xx_rcc.c.o
RCC_HCLKConfig                                    ./Debug/driver_src_stm32f4xx_rcc.c.o
RCC_HSEConfig                                     ./Debug/driver_src_stm32f4xx_rcc.c.o
RCC_HSICmd                                        ./Debug/driver_src_stm32f4xx_rcc.c.o
RCC_I2SCLKConfig                                  ./Debug/driver_src_stm32f4xx_rcc.c.o
RCC_ITConfig                                      ./Debug/driver_src_stm32f4xx_rcc.c.o
RCC_LSEConfig                                     ./Debug/driver_src_stm32f4xx_rcc.c.o
RCC_LSICmd                                        ./Debug/driver_src_stm32f4xx_rcc.c.o
RCC_LTDCCLKDivConfig                              ./Debug/driver_src_stm32f4xx_rcc.c.o
RCC_MCO1Config                                    ./Debug/driver_src_stm32f4xx_rcc.c.o
RCC_MCO2Config                                    ./Debug/driver_src_stm32f4xx_rcc.c.o
RCC_PCLK1Config                                   ./Debug/driver_src_stm32f4xx_rcc.c.o
RCC_PCLK2Config                                   ./Debug/driver_src_stm32f4xx_rcc.c.o
RCC_PLLCmd                                        ./Debug/driver_src_stm32f4xx_rcc.c.o
RCC_PLLConfig                                     ./Debug/driver_src_stm32f4xx_rcc.c.o
RCC_PLLI2SCmd                                     ./Debug/driver_src_stm32f4xx_rcc.c.o
RCC_PLLI2SConfig                                  ./Debug/driver_src_stm32f4xx_rcc.c.o
RCC_PLLSAICmd                                     ./Debug/driver_src_stm32f4xx_rcc.c.o
RCC_PLLSAIConfig                                  ./Debug/driver_src_stm32f4xx_rcc.c.o
RCC_RTCCLKCmd                                     ./Debug/driver_src_stm32f4xx_rcc.c.o
RCC_RTCCLKConfig                                  ./Debug/driver_src_stm32f4xx_rcc.c.o
RCC_SAIBlockACLKConfig                            ./Debug/driver_src_stm32f4xx_rcc.c.o
RCC_SAIBlockBCLKConfig                            ./Debug/driver_src_stm32f4xx_rcc.c.o
RCC_SAIPLLI2SClkDivConfig                         ./Debug/driver_src_stm32f4xx_rcc.c.o
RCC_SAIPLLSAIClkDivConfig                         ./Debug/driver_src_stm32f4xx_rcc.c.o
RCC_SYSCLKConfig                                  ./Debug/driver_src_stm32f4xx_rcc.c.o
RCC_TIMCLKPresConfig                              ./Debug/driver_src_stm32f4xx_rcc.c.o
RCC_WaitForHSEStartUp                             ./Debug/driver_src_stm32f4xx_rcc.c.o
SETPC                                             ./Debug/TinyTimber.c.o
SETSTACK                                          ./Debug/TinyTimber.c.o
SYSCFG_CompensationCellCmd                        ./Debug/driver_src_stm32f4xx_syscfg.c.o
SYSCFG_DeInit                                     ./Debug/driver_src_stm32f4xx_syscfg.c.o
SYSCFG_ETH_MediaInterfaceConfig                   ./Debug/driver_src_stm32f4xx_syscfg.c.o
SYSCFG_EXTILineConfig                             ./Debug/driver_src_stm32f4xx_syscfg.c.o
                                                  ./Debug/startup.c.o
SYSCFG_GetCompensationCellStatus                  ./Debug/driver_src_stm32f4xx_syscfg.c.o
SYSCFG_MemoryRemapConfig                          ./Debug/driver_src_stm32f4xx_syscfg.c.o
SYSCFG_MemorySwappingBank                         ./Debug/driver_src_stm32f4xx_syscfg.c.o
TIMER_INIT                                        ./Debug/TinyTimber.c.o
TIM_ARRPreloadConfig                              ./Debug/driver_src_stm32f4xx_tim.c.o
TIM_BDTRConfig                                    ./Debug/driver_src_stm32f4xx_tim.c.o
TIM_BDTRStructInit                                ./Debug/driver_src_stm32f4xx_tim.c.o
TIM_CCPreloadControl                              ./Debug/driver_src_stm32f4xx_tim.c.o
TIM_CCxCmd                                        ./Debug/driver_src_stm32f4xx_tim.c.o
TIM_CCxNCmd                                       ./Debug/driver_src_stm32f4xx_tim.c.o
TIM_ClearFlag                                     ./Debug/driver_src_stm32f4xx_tim.c.o
TIM_ClearITPendingBit                             ./Debug/driver_src_stm32f4xx_tim.c.o
                                                  ./Debug/TinyTimber.c.o
TIM_ClearOC1Ref                                   ./Debug/driver_src_stm32f4xx_tim.c.o
TIM_ClearOC2Ref                                   ./Debug/driver_src_stm32f4xx_tim.c.o
TIM_ClearOC3Ref                                   ./Debug/driver_src_stm32f4xx_tim.c.o
TIM_ClearOC4Ref                                   ./Debug/driver_src_stm32f4xx_tim.c.o
TIM_Cmd                                           ./Debug/driver_src_stm32f4xx_tim.c.o
                                                  ./Debug/TinyTimber.c.o
TIM_CounterModeConfig                             ./Debug/driver_src_stm32f4xx_tim.c.o
TIM_CtrlPWMOutputs                                ./Debug/driver_src_stm32f4xx_tim.c.o
TIM_DMACmd                                        ./Debug/driver_src_stm32f4xx_tim.c.o
TIM_DMAConfig                                     ./Debug/driver_src_stm32f4xx_tim.c.o
TIM_DeInit                                        ./Debug/driver_src_stm32f4xx_tim.c.o
                                                  ./Debug/TinyTimber.c.o
TIM_ETRClockMode1Config                           ./Debug/driver_src_stm32f4xx_tim.c.o
TIM_ETRClockMode2Config                           ./Debug/driver_src_stm32f4xx_tim.c.o
TIM_ETRConfig                                     ./Debug/driver_src_stm32f4xx_tim.c.o
TIM_EncoderInterfaceConfig                        ./Debug/driver_src_stm32f4xx_tim.c.o
TIM_ForcedOC1Config                               ./Debug/driver_src_stm32f4xx_tim.c.o
TIM_ForcedOC2Config                               ./Debug/driver_src_stm32f4xx_tim.c.o
TIM_ForcedOC3Config                               ./Debug/driver_src_stm32f4xx_tim.c.o
TIM_ForcedOC4Config                               ./Debug/driver_src_stm32f4xx_tim.c.o
TIM_GenerateEvent                                 ./Debug/driver_src_stm32f4xx_tim.c.o
TIM_GetCapture1                                   ./Debug/driver_src_stm32f4xx_tim.c.o
TIM_GetCapture2                                   ./Debug/driver_src_stm32f4xx_tim.c.o
TIM_GetCapture3                                   ./Debug/driver_src_stm32f4xx_tim.c.o
TIM_GetCapture4                                   ./Debug/driver_src_stm32f4xx_tim.c.o
TIM_GetCounter                                    ./Debug/driver_src_stm32f4xx_tim.c.o
                                                  ./Debug/TinyTimber.c.o
TIM_GetFlagStatus                                 ./Debug/driver_src_stm32f4xx_tim.c.o
TIM_GetITStatus                                   ./Debug/driver_src_stm32f4xx_tim.c.o
TIM_GetPrescaler                                  ./Debug/driver_src_stm32f4xx_tim.c.o
TIM_ICInit                                        ./Debug/driver_src_stm32f4xx_tim.c.o
TIM_ICStructInit                                  ./Debug/driver_src_stm32f4xx_tim.c.o
TIM_ITConfig                                      ./Debug/driver_src_stm32f4xx_tim.c.o
                                                  ./Debug/TinyTimber.c.o
TIM_ITRxExternalClockConfig                       ./Debug/driver_src_stm32f4xx_tim.c.o
TIM_InternalClockConfig                           ./Debug/driver_src_stm32f4xx_tim.c.o
TIM_OC1FastConfig                                 ./Debug/driver_src_stm32f4xx_tim.c.o
TIM_OC1Init                                       ./Debug/driver_src_stm32f4xx_tim.c.o
TIM_OC1NPolarityConfig                            ./Debug/driver_src_stm32f4xx_tim.c.o
TIM_OC1PolarityConfig                             ./Debug/driver_src_stm32f4xx_tim.c.o
TIM_OC1PreloadConfig                              ./Debug/driver_src_stm32f4xx_tim.c.o
TIM_OC2FastConfig                                 ./Debug/driver_src_stm32f4xx_tim.c.o
TIM_OC2Init                                       ./Debug/driver_src_stm32f4xx_tim.c.o
TIM_OC2NPolarityConfig                            ./Debug/driver_src_stm32f4xx_tim.c.o
TIM_OC2PolarityConfig                             ./Debug/driver_src_stm32f4xx_tim.c.o
TIM_OC2PreloadConfig                              ./Debug/driver_src_stm32f4xx_tim.c.o
TIM_OC3FastConfig                                 ./Debug/driver_src_stm32f4xx_tim.c.o
TIM_OC3Init                                       ./Debug/driver_src_stm32f4xx_tim.c.o
TIM_OC3NPolarityConfig                            ./Debug/driver_src_stm32f4xx_tim.c.o
TIM_OC3PolarityConfig                             ./Debug/driver_src_stm32f4xx_tim.c.o
TIM_OC3PreloadConfig                              ./Debug/driver_src_stm32f4xx_tim.c.o
TIM_OC4FastConfig                                 ./Debug/driver_src_stm32f4xx_tim.c.o
TIM_OC4Init                                       ./Debug/driver_src_stm32f4xx_tim.c.o
TIM_OC4PolarityConfig                             ./Debug/driver_src_stm32f4xx_tim.c.o
TIM_OC4PreloadConfig                              ./Debug/driver_src_stm32f4xx_tim.c.o
TIM_OCStructInit                                  ./Debug/driver_src_stm32f4xx_tim.c.o
TIM_PWMIConfig                                    ./Debug/driver_src_stm32f4xx_tim.c.o
TIM_PrescalerConfig                               ./Debug/driver_src_stm32f4xx_tim.c.o
TIM_RemapConfig                                   ./Debug/driver_src_stm32f4xx_tim.c.o
TIM_SelectCCDMA                                   ./Debug/driver_src_stm32f4xx_tim.c.o
TIM_SelectCOM                                     ./Debug/driver_src_stm32f4xx_tim.c.o
TIM_SelectHallSensor                              ./Debug/driver_src_stm32f4xx_tim.c.o
TIM_SelectInputTrigger                            ./Debug/driver_src_stm32f4xx_tim.c.o
TIM_SelectMasterSlaveMode                         ./Debug/driver_src_stm32f4xx_tim.c.o
TIM_SelectOCxM                                    ./Debug/driver_src_stm32f4xx_tim.c.o
TIM_SelectOnePulseMode                            ./Debug/driver_src_stm32f4xx_tim.c.o
TIM_SelectOutputTrigger                           ./Debug/driver_src_stm32f4xx_tim.c.o
TIM_SelectSlaveMode                               ./Debug/driver_src_stm32f4xx_tim.c.o
TIM_SetAutoreload                                 ./Debug/driver_src_stm32f4xx_tim.c.o
TIM_SetClockDivision                              ./Debug/driver_src_stm32f4xx_tim.c.o
TIM_SetCompare1                                   ./Debug/driver_src_stm32f4xx_tim.c.o
                                                  ./Debug/TinyTimber.c.o
TIM_SetCompare2                                   ./Debug/driver_src_stm32f4xx_tim.c.o
TIM_SetCompare3                                   ./Debug/driver_src_stm32f4xx_tim.c.o
TIM_SetCompare4                                   ./Debug/driver_src_stm32f4xx_tim.c.o
TIM_SetCounter                                    ./Debug/driver_src_stm32f4xx_tim.c.o
                                                  ./Debug/TinyTimber.c.o
TIM_SetIC1Prescaler                               ./Debug/driver_src_stm32f4xx_tim.c.o
TIM_SetIC2Prescaler                               ./Debug/driver_src_stm32f4xx_tim.c.o
TIM_SetIC3Prescaler                               ./Debug/driver_src_stm32f4xx_tim.c.o
TIM_SetIC4Prescaler                               ./Debug/driver_src_stm32f4xx_tim.c.o
TIM_TIxExternalClockConfig                        ./Debug/driver_src_stm32f4xx_tim.c.o
TIM_TimeBaseInit                                  ./Debug/driver_src_stm32f4xx_tim.c.o
                                                  ./Debug/TinyTimber.c.o
TIM_TimeBaseStructInit                            ./Debug/driver_src_stm32f4xx_tim.c.o
                                                  ./Debug/TinyTimber.c.o
TIM_UpdateDisableConfig                           ./Debug/driver_src_stm32f4xx_tim.c.o
TIM_UpdateRequestConfig                           ./Debug/driver_src_stm32f4xx_tim.c.o
T_RESET                                           ./Debug/TinyTimber.c.o
T_SAMPLE                                          ./Debug/TinyTimber.c.o
USART_ClearFlag                                   ./Debug/driver_src_stm32f4xx_usart.c.o
USART_ClearITPendingBit                           ./Debug/driver_src_stm32f4xx_usart.c.o
USART_ClockInit                                   ./Debug/driver_src_stm32f4xx_usart.c.o
USART_ClockStructInit                             ./Debug/driver_src_stm32f4xx_usart.c.o
USART_Cmd                                         ./Debug/driver_src_stm32f4xx_usart.c.o
USART_DMACmd                                      ./Debug/driver_src_stm32f4xx_usart.c.o
USART_DeInit                                      ./Debug/driver_src_stm32f4xx_usart.c.o
USART_GetFlagStatus                               ./Debug/driver_src_stm32f4xx_usart.c.o
                                                  ./Debug/sciTinyTimber.c.o
                                                  ./Debug/TinyTimber.c.o
USART_GetITStatus                                 ./Debug/driver_src_stm32f4xx_usart.c.o
USART_HalfDuplexCmd                               ./Debug/driver_src_stm32f4xx_usart.c.o
USART_ITConfig                                    ./Debug/driver_src_stm32f4xx_usart.c.o
                                                  ./Debug/sciTinyTimber.c.o
USART_Init                                        ./Debug/driver_src_stm32f4xx_usart.c.o
USART_IrDACmd                                     ./Debug/driver_src_stm32f4xx_usart.c.o
USART_IrDAConfig                                  ./Debug/driver_src_stm32f4xx_usart.c.o
USART_LINBreakDetectLengthConfig                  ./Debug/driver_src_stm32f4xx_usart.c.o
USART_LINCmd                                      ./Debug/driver_src_stm32f4xx_usart.c.o
USART_OneBitMethodCmd                             ./Debug/driver_src_stm32f4xx_usart.c.o
USART_OverSampling8Cmd                            ./Debug/driver_src_stm32f4xx_usart.c.o
USART_ReceiveData                                 ./Debug/driver_src_stm32f4xx_usart.c.o
                                                  ./Debug/sciTinyTimber.c.o
USART_ReceiverWakeUpCmd                           ./Debug/driver_src_stm32f4xx_usart.c.o
USART_SendBreak                                   ./Debug/driver_src_stm32f4xx_usart.c.o
USART_SendData                                    ./Debug/driver_src_stm32f4xx_usart.c.o
                                                  ./Debug/sciTinyTimber.c.o
                                                  ./Debug/TinyTimber.c.o
USART_SetAddress                                  ./Debug/driver_src_stm32f4xx_usart.c.o
USART_SetGuardTime                                ./Debug/driver_src_stm32f4xx_usart.c.o
USART_SetPrescaler                                ./Debug/driver_src_stm32f4xx_usart.c.o
USART_SmartCardCmd                                ./Debug/driver_src_stm32f4xx_usart.c.o
USART_SmartCardNACKCmd                            ./Debug/driver_src_stm32f4xx_usart.c.o
USART_StructInit                                  ./Debug/driver_src_stm32f4xx_usart.c.o
USART_WakeUpConfig                                ./Debug/driver_src_stm32f4xx_usart.c.o
__heap_end                                        ./Debug/TinyTimber.c.o
__lock___arc4random_mutex                         c:/cseapp/codelite/tools/gcc-arm/bin/../lib/gcc/arm-none-eabi/9.2.1/../../../../arm-none-eabi/lib/thumb/v7e-m+fp/hard\libc_nano.a(lib_a-lock.o)
__lock___at_quick_exit_mutex                      c:/cseapp/codelite/tools/gcc-arm/bin/../lib/gcc/arm-none-eabi/9.2.1/../../../../arm-none-eabi/lib/thumb/v7e-m+fp/hard\libc_nano.a(lib_a-lock.o)
__lock___atexit_recursive_mutex                   c:/cseapp/codelite/tools/gcc-arm/bin/../lib/gcc/arm-none-eabi/9.2.1/../../../../arm-none-eabi/lib/thumb/v7e-m+fp/hard\libc_nano.a(lib_a-lock.o)
__lock___dd_hash_mutex                            c:/cseapp/codelite/tools/gcc-arm/bin/../lib/gcc/arm-none-eabi/9.2.1/../../../../arm-none-eabi/lib/thumb/v7e-m+fp/hard\libc_nano.a(lib_a-lock.o)
__lock___env_recursive_mutex                      c:/cseapp/codelite/tools/gcc-arm/bin/../lib/gcc/arm-none-eabi/9.2.1/../../../../arm-none-eabi/lib/thumb/v7e-m+fp/hard\libc_nano.a(lib_a-lock.o)
__lock___malloc_recursive_mutex                   c:/cseapp/codelite/tools/gcc-arm/bin/../lib/gcc/arm-none-eabi/9.2.1/../../../../arm-none-eabi/lib/thumb/v7e-m+fp/hard\libc_nano.a(lib_a-lock.o)
                                                  c:/cseapp/codelite/tools/gcc-arm/bin/../lib/gcc/arm-none-eabi/9.2.1/../../../../arm-none-eabi/lib/thumb/v7e-m+fp/hard\libc_nano.a(lib_a-mlock.o)
__lock___sfp_recursive_mutex                      c:/cseapp/codelite/tools/gcc-arm/bin/../lib/gcc/arm-none-eabi/9.2.1/../../../../arm-none-eabi/lib/thumb/v7e-m+fp/hard\libc_nano.a(lib_a-lock.o)
__lock___sinit_recursive_mutex                    c:/cseapp/codelite/tools/gcc-arm/bin/../lib/gcc/arm-none-eabi/9.2.1/../../../../arm-none-eabi/lib/thumb/v7e-m+fp/hard\libc_nano.a(lib_a-lock.o)
__lock___tz_mutex                                 c:/cseapp/codelite/tools/gcc-arm/bin/../lib/gcc/arm-none-eabi/9.2.1/../../../../arm-none-eabi/lib/thumb/v7e-m+fp/hard\libc_nano.a(lib_a-lock.o)
__malloc_free_list                                c:/cseapp/codelite/tools/gcc-arm/bin/../lib/gcc/arm-none-eabi/9.2.1/../../../../arm-none-eabi/lib/thumb/v7e-m+fp/hard\libc_nano.a(lib_a-nano-mallocr.o)
                                                  c:/cseapp/codelite/tools/gcc-arm/bin/../lib/gcc/arm-none-eabi/9.2.1/../../../../arm-none-eabi/lib/thumb/v7e-m+fp/hard\libc_nano.a(lib_a-nano-freer.o)
__malloc_lock                                     c:/cseapp/codelite/tools/gcc-arm/bin/../lib/gcc/arm-none-eabi/9.2.1/../../../../arm-none-eabi/lib/thumb/v7e-m+fp/hard\libc_nano.a(lib_a-mlock.o)
                                                  c:/cseapp/codelite/tools/gcc-arm/bin/../lib/gcc/arm-none-eabi/9.2.1/../../../../arm-none-eabi/lib/thumb/v7e-m+fp/hard\libc_nano.a(lib_a-nano-mallocr.o)
                                                  c:/cseapp/codelite/tools/gcc-arm/bin/../lib/gcc/arm-none-eabi/9.2.1/../../../../arm-none-eabi/lib/thumb/v7e-m+fp/hard\libc_nano.a(lib_a-nano-freer.o)
__malloc_sbrk_start                               c:/cseapp/codelite/tools/gcc-arm/bin/../lib/gcc/arm-none-eabi/9.2.1/../../../../arm-none-eabi/lib/thumb/v7e-m+fp/hard\libc_nano.a(lib_a-nano-mallocr.o)
__malloc_unlock                                   c:/cseapp/codelite/tools/gcc-arm/bin/../lib/gcc/arm-none-eabi/9.2.1/../../../../arm-none-eabi/lib/thumb/v7e-m+fp/hard\libc_nano.a(lib_a-mlock.o)
                                                  c:/cseapp/codelite/tools/gcc-arm/bin/../lib/gcc/arm-none-eabi/9.2.1/../../../../arm-none-eabi/lib/thumb/v7e-m+fp/hard\libc_nano.a(lib_a-nano-mallocr.o)
                                                  c:/cseapp/codelite/tools/gcc-arm/bin/../lib/gcc/arm-none-eabi/9.2.1/../../../../arm-none-eabi/lib/thumb/v7e-m+fp/hard\libc_nano.a(lib_a-nano-freer.o)
__pendSV_dispatch                                 ./Debug/TinyTimber.c.o
__retarget_lock_acquire                           c:/cseapp/codelite/tools/gcc-arm/bin/../lib/gcc/arm-none-eabi/9.2.1/../../../../arm-none-eabi/lib/thumb/v7e-m+fp/hard\libc_nano.a(lib_a-lock.o)
__retarget_lock_acquire_recursive                 c:/cseapp/codelite/tools/gcc-arm/bin/../lib/gcc/arm-none-eabi/9.2.1/../../../../arm-none-eabi/lib/thumb/v7e-m+fp/hard\libc_nano.a(lib_a-lock.o)
                                                  c:/cseapp/codelite/tools/gcc-arm/bin/../lib/gcc/arm-none-eabi/9.2.1/../../../../arm-none-eabi/lib/thumb/v7e-m+fp/hard\libc_nano.a(lib_a-mlock.o)
__retarget_lock_close                             c:/cseapp/codelite/tools/gcc-arm/bin/../lib/gcc/arm-none-eabi/9.2.1/../../../../arm-none-eabi/lib/thumb/v7e-m+fp/hard\libc_nano.a(lib_a-lock.o)
__retarget_lock_close_recursive                   c:/cseapp/codelite/tools/gcc-arm/bin/../lib/gcc/arm-none-eabi/9.2.1/../../../../arm-none-eabi/lib/thumb/v7e-m+fp/hard\libc_nano.a(lib_a-lock.o)
__retarget_lock_init                              c:/cseapp/codelite/tools/gcc-arm/bin/../lib/gcc/arm-none-eabi/9.2.1/../../../../arm-none-eabi/lib/thumb/v7e-m+fp/hard\libc_nano.a(lib_a-lock.o)
__retarget_lock_init_recursive                    c:/cseapp/codelite/tools/gcc-arm/bin/../lib/gcc/arm-none-eabi/9.2.1/../../../../arm-none-eabi/lib/thumb/v7e-m+fp/hard\libc_nano.a(lib_a-lock.o)
__retarget_lock_release                           c:/cseapp/codelite/tools/gcc-arm/bin/../lib/gcc/arm-none-eabi/9.2.1/../../../../arm-none-eabi/lib/thumb/v7e-m+fp/hard\libc_nano.a(lib_a-lock.o)
__retarget_lock_release_recursive                 c:/cseapp/codelite/tools/gcc-arm/bin/../lib/gcc/arm-none-eabi/9.2.1/../../../../arm-none-eabi/lib/thumb/v7e-m+fp/hard\libc_nano.a(lib_a-lock.o)
                                                  c:/cseapp/codelite/tools/gcc-arm/bin/../lib/gcc/arm-none-eabi/9.2.1/../../../../arm-none-eabi/lib/thumb/v7e-m+fp/hard\libc_nano.a(lib_a-mlock.o)
__retarget_lock_try_acquire                       c:/cseapp/codelite/tools/gcc-arm/bin/../lib/gcc/arm-none-eabi/9.2.1/../../../../arm-none-eabi/lib/thumb/v7e-m+fp/hard\libc_nano.a(lib_a-lock.o)
__retarget_lock_try_acquire_recursive             c:/cseapp/codelite/tools/gcc-arm/bin/../lib/gcc/arm-none-eabi/9.2.1/../../../../arm-none-eabi/lib/thumb/v7e-m+fp/hard\libc_nano.a(lib_a-lock.o)